[    0.000000] Linux version 4.20.11.oslab (root@sungyoon-VirtualBox) (gcc version 7.5.0 (Ubuntu 7.5.0-3ubuntu1~18.04)) #3 SMP Wed Jun 10 15:14:24 KST 2020
[    0.000000] Command line: BOOT_IMAGE=/boot/vmlinuz-4.20.11.oslab root=UUID=9a8c0cd3-4d86-4548-a2ed-912c86689d66 ro quiet splash
[    0.000000] KERNEL supported cpus:
[    0.000000]   Intel GenuineIntel
[    0.000000]   AMD AuthenticAMD
[    0.000000]   Hygon HygonGenuine
[    0.000000]   Centaur CentaurHauls
[    0.000000] x86/fpu: Supporting XSAVE feature 0x001: 'x87 floating point registers'
[    0.000000] x86/fpu: Supporting XSAVE feature 0x002: 'SSE registers'
[    0.000000] x86/fpu: Supporting XSAVE feature 0x004: 'AVX registers'
[    0.000000] x86/fpu: xstate_offset[2]:  576, xstate_sizes[2]:  256
[    0.000000] x86/fpu: Enabled xstate features 0x7, context size is 832 bytes, using 'standard' format.
[    0.000000] BIOS-provided physical RAM map:
[    0.000000] BIOS-e820: [mem 0x0000000000000000-0x000000000009fbff] usable
[    0.000000] BIOS-e820: [mem 0x000000000009fc00-0x000000000009ffff] reserved
[    0.000000] BIOS-e820: [mem 0x00000000000f0000-0x00000000000fffff] reserved
[    0.000000] BIOS-e820: [mem 0x0000000000100000-0x000000005eeeffff] usable
[    0.000000] BIOS-e820: [mem 0x000000005eef0000-0x000000005eefffff] ACPI data
[    0.000000] BIOS-e820: [mem 0x00000000fec00000-0x00000000fec00fff] reserved
[    0.000000] BIOS-e820: [mem 0x00000000fee00000-0x00000000fee00fff] reserved
[    0.000000] BIOS-e820: [mem 0x00000000fffc0000-0x00000000ffffffff] reserved
[    0.000000] NX (Execute Disable) protection: active
[    0.000000] SMBIOS 2.5 present.
[    0.000000] DMI: innotek GmbH VirtualBox/VirtualBox, BIOS VirtualBox 12/01/2006
[    0.000000] Hypervisor detected: KVM
[    0.000000] kvm-clock: Using msrs 4b564d01 and 4b564d00
[    0.000000] kvm-clock: cpu 0, msr 38201001, primary cpu clock
[    0.000001] kvm-clock: using sched offset of 9953428265 cycles
[    0.000003] clocksource: kvm-clock: mask: 0xffffffffffffffff max_cycles: 0x1cd42e4dffb, max_idle_ns: 881590591483 ns
[    0.000006] tsc: Detected 2399.998 MHz processor
[    0.004799] e820: update [mem 0x00000000-0x00000fff] usable ==> reserved
[    0.004802] e820: remove [mem 0x000a0000-0x000fffff] usable
[    0.004809] last_pfn = 0x5eef0 max_arch_pfn = 0x400000000
[    0.004824] MTRR default type: uncachable
[    0.004825] MTRR variable ranges disabled:
[    0.004828] Disabled
[    0.004830] x86/PAT: MTRRs disabled, skipping PAT initialization too.
[    0.004833] CPU MTRRs all blank - virtualized system.
[    0.004836] x86/PAT: Configuration [0-7]: WB  WT  UC- UC  WB  WT  UC- UC  
[    0.004923] found SMP MP-table at [mem 0x0009fff0-0x0009ffff] mapped at [(____ptrval____)]
[    0.146856] check: Scanning 1 areas for low memory corruption
[    0.146860] Base memory trampoline at [(____ptrval____)] 99000 size 24576
[    0.146895] BRK [0x38401000, 0x38401fff] PGTABLE
[    0.146898] BRK [0x38402000, 0x38402fff] PGTABLE
[    0.146900] BRK [0x38403000, 0x38403fff] PGTABLE
[    0.146949] BRK [0x38404000, 0x38404fff] PGTABLE
[    0.146951] BRK [0x38405000, 0x38405fff] PGTABLE
[    0.147087] BRK [0x38406000, 0x38406fff] PGTABLE
[    0.147140] RAMDISK: [mem 0x30c95000-0x34641fff]
[    0.147156] ACPI: Early table checksum verification disabled
[    0.147185] ACPI: RSDP 0x00000000000E0000 000024 (v02 VBOX  )
[    0.147190] ACPI: XSDT 0x000000005EEF0030 00003C (v01 VBOX   VBOXXSDT 00000001 ASL  00000061)
[    0.147198] ACPI: FACP 0x000000005EEF00F0 0000F4 (v04 VBOX   VBOXFACP 00000001 ASL  00000061)
[    0.147206] ACPI: DSDT 0x000000005EEF0480 002325 (v02 VBOX   VBOXBIOS 00000002 INTL 20100528)
[    0.147211] ACPI: FACS 0x000000005EEF0200 000040
[    0.147215] ACPI: FACS 0x000000005EEF0200 000040
[    0.147219] ACPI: APIC 0x000000005EEF0240 00006C (v02 VBOX   VBOXAPIC 00000001 ASL  00000061)
[    0.147224] ACPI: SSDT 0x000000005EEF02B0 0001CC (v01 VBOX   VBOXCPUT 00000002 INTL 20100528)
[    0.147236] ACPI: Local APIC address 0xfee00000
[    0.147566] No NUMA configuration found
[    0.147567] Faking a node at [mem 0x0000000000000000-0x000000005eeeffff]
[    0.147576] NODE_DATA(0) allocated [mem 0x5eec5000-0x5eeeffff]
[    0.147858] Zone ranges:
[    0.147859]   DMA      [mem 0x0000000000001000-0x0000000000ffffff]
[    0.147861]   DMA32    [mem 0x0000000001000000-0x000000005eeeffff]
[    0.147862]   Normal   empty
[    0.147864]   Device   empty
[    0.147865] Movable zone start for each node
[    0.147868] Early memory node ranges
[    0.147869]   node   0: [mem 0x0000000000001000-0x000000000009efff]
[    0.147870]   node   0: [mem 0x0000000000100000-0x000000005eeeffff]
[    0.147873] Zeroed struct page in unavailable ranges: 98 pages
[    0.147874] Initmem setup node 0 [mem 0x0000000000001000-0x000000005eeeffff]
[    0.147876] On node 0 totalpages: 388750
[    0.147877]   DMA zone: 64 pages used for memmap
[    0.147878]   DMA zone: 21 pages reserved
[    0.147879]   DMA zone: 3998 pages, LIFO batch:0
[    0.148045]   DMA32 zone: 6012 pages used for memmap
[    0.148047]   DMA32 zone: 384752 pages, LIFO batch:63
[    0.159861] ACPI: PM-Timer IO Port: 0x4008
[    0.159866] ACPI: Local APIC address 0xfee00000
[    0.159953] IOAPIC[0]: apic_id 4, version 32, address 0xfec00000, GSI 0-23
[    0.159958] ACPI: INT_SRC_OVR (bus 0 bus_irq 0 global_irq 2 dfl dfl)
[    0.159960] ACPI: INT_SRC_OVR (bus 0 bus_irq 9 global_irq 9 low level)
[    0.159962] ACPI: IRQ0 used by override.
[    0.159963] ACPI: IRQ9 used by override.
[    0.159966] Using ACPI (MADT) for SMP configuration information
[    0.159975] smpboot: Allowing 4 CPUs, 0 hotplug CPUs
[    0.159998] PM: Registered nosave memory: [mem 0x00000000-0x00000fff]
[    0.159999] PM: Registered nosave memory: [mem 0x0009f000-0x0009ffff]
[    0.160000] PM: Registered nosave memory: [mem 0x000a0000-0x000effff]
[    0.160001] PM: Registered nosave memory: [mem 0x000f0000-0x000fffff]
[    0.160003] [mem 0x5ef00000-0xfebfffff] available for PCI devices
[    0.160005] Booting paravirtualized kernel on KVM
[    0.160008] clocksource: refined-jiffies: mask: 0xffffffff max_cycles: 0xffffffff, max_idle_ns: 7645519600211568 ns
[    0.160017] random: get_random_bytes called from start_kernel+0x97/0x526 with crng_init=0
[    0.160022] setup_percpu: NR_CPUS:8192 nr_cpumask_bits:4 nr_cpu_ids:4 nr_node_ids:1
[    0.160143] percpu: Embedded 46 pages/cpu @(____ptrval____) s151552 r8192 d28672 u524288
[    0.160148] pcpu-alloc: s151552 r8192 d28672 u524288 alloc=1*2097152
[    0.160150] pcpu-alloc: [0] 0 1 2 3 
[    0.160177] PV qspinlock hash table entries: 256 (order: 0, 4096 bytes)
[    0.160183] Built 1 zonelists, mobility grouping on.  Total pages: 382653
[    0.160184] Policy zone: DMA32
[    0.160186] Kernel command line: BOOT_IMAGE=/boot/vmlinuz-4.20.11.oslab root=UUID=9a8c0cd3-4d86-4548-a2ed-912c86689d66 ro quiet splash
[    0.160361] Calgary: detecting Calgary via BIOS EBDA area
[    0.160363] Calgary: Unable to locate Rio Grande table in EBDA - bailing!
[    0.163957] Memory: 1436212K/1555000K available (14341K kernel code, 2318K rwdata, 4152K rodata, 2460K init, 5336K bss, 118788K reserved, 0K cma-reserved)
[    0.164095] SLUB: HWalign=64, Order=0-3, MinObjects=0, CPUs=4, Nodes=1
[    0.164107] Kernel/User page tables isolation: enabled
[    0.164130] ftrace: allocating 41122 entries in 161 pages
[    0.204748] rcu: Hierarchical RCU implementation.
[    0.204751] rcu: 	RCU restricting CPUs from NR_CPUS=8192 to nr_cpu_ids=4.
[    0.204753] 	Tasks RCU enabled.
[    0.204754] rcu: RCU calculated value of scheduler-enlistment delay is 25 jiffies.
[    0.204755] rcu: Adjusting geometry for rcu_fanout_leaf=16, nr_cpu_ids=4
[    0.209314] NR_IRQS: 524544, nr_irqs: 456, preallocated irqs: 16
[    0.228881] Console: colour VGA+ 80x25
[    0.228886] printk: console [tty0] enabled
[    0.228945] ACPI: Core revision 20181003
[    0.229105] APIC: Switch to symmetric I/O mode setup
[    0.229511] x2apic enabled
[    0.229950] Switched APIC routing to physical x2apic.
[    0.232003] ..TIMER: vector=0x30 apic1=0 pin1=2 apic2=-1 pin2=-1
[    0.232045] clocksource: tsc-early: mask: 0xffffffffffffffff max_cycles: 0x229835b7123, max_idle_ns: 440795242976 ns
[    0.232070] Calibrating delay loop (skipped) preset value.. 4799.99 BogoMIPS (lpj=9599992)
[    0.232073] pid_max: default: 32768 minimum: 301
[    0.232123] LSM: Security Framework initializing
[    0.232125] Yama: becoming mindful.
[    0.232148] AppArmor: AppArmor initialized
[    0.232511] Dentry cache hash table entries: 262144 (order: 9, 2097152 bytes)
[    0.236049] Inode-cache hash table entries: 131072 (order: 8, 1048576 bytes)
[    0.236049] Mount-cache hash table entries: 4096 (order: 3, 32768 bytes)
[    0.236049] Mountpoint-cache hash table entries: 4096 (order: 3, 32768 bytes)
[    0.236165] mce: CPU supports 0 MCE banks
[    0.236186] Last level iTLB entries: 4KB 64, 2MB 8, 4MB 8
[    0.236187] Last level dTLB entries: 4KB 64, 2MB 0, 4MB 0, 1GB 4
[    0.236189] Spectre V2 : Mitigation: Full generic retpoline
[    0.236190] Spectre V2 : Spectre v2 / SpectreRSB mitigation: Filling RSB on context switch
[    0.236191] Speculative Store Bypass: Vulnerable
[    0.236399] Freeing SMP alternatives memory: 36K
[    0.244049] APIC calibration not consistent with PM-Timer: 102ms instead of 100ms
[    0.244049] APIC delta adjusted to PM-Timer: 6250298 (6437639)
[    0.244049] smpboot: CPU0: Intel(R) Core(TM) i5-6200U CPU @ 2.30GHz (family: 0x6, model: 0x4e, stepping: 0x3)
[    0.244049] Performance Events: unsupported p6 CPU model 78 no PMU driver, software events only.
[    0.244049] rcu: Hierarchical SRCU implementation.
[    0.244049] NMI watchdog: Perf NMI watchdog permanently disabled
[    0.244049] smp: Bringing up secondary CPUs ...
[    0.244049] x86: Booting SMP configuration:
[    0.244049] .... node  #0, CPUs:      #1
[    0.026319] kvm-clock: cpu 1, msr 38201041, secondary cpu clock
[    0.026319] mce: CPU supports 0 MCE banks
[    0.244049]  #2
[    0.026319] kvm-clock: cpu 2, msr 38201081, secondary cpu clock
[    0.026319] mce: CPU supports 0 MCE banks
[    0.246539]  #3
[    0.026319] kvm-clock: cpu 3, msr 382010c1, secondary cpu clock
[    0.026319] mce: CPU supports 0 MCE banks
[    0.248087] smp: Brought up 1 node, 4 CPUs
[    0.248087] smpboot: Max logical packages: 1
[    0.248087] smpboot: Total of 4 processors activated (19199.98 BogoMIPS)
[    0.251972] devtmpfs: initialized
[    0.252142] x86/mm: Memory block size: 128MB
[    0.252514] clocksource: jiffies: mask: 0xffffffff max_cycles: 0xffffffff, max_idle_ns: 7645041785100000 ns
[    0.252514] futex hash table entries: 1024 (order: 4, 65536 bytes)
[    0.252514] pinctrl core: initialized pinctrl subsystem
[    0.252514] RTC time:  6:19:10, date: 06/10/20
[    0.252619] NET: Registered protocol family 16
[    0.252734] audit: initializing netlink subsys (disabled)
[    0.252778] audit: type=2000 audit(1591769962.084:1): state=initialized audit_enabled=0 res=1
[    0.252778] cpuidle: using governor ladder
[    0.252778] cpuidle: using governor menu
[    0.252778] ACPI: bus type PCI registered
[    0.252778] acpiphp: ACPI Hot Plug PCI Controller Driver version: 0.5
[    0.252778] PCI: Using configuration type 1 for base access
[    0.257116] HugeTLB registered 2.00 MiB page size, pre-allocated 0 pages
[    0.257116] ACPI: Added _OSI(Module Device)
[    0.257116] ACPI: Added _OSI(Processor Device)
[    0.257116] ACPI: Added _OSI(3.0 _SCP Extensions)
[    0.257116] ACPI: Added _OSI(Processor Aggregator Device)
[    0.257116] ACPI: Added _OSI(Linux-Dell-Video)
[    0.257116] ACPI: Added _OSI(Linux-Lenovo-NV-HDMI-Audio)
[    0.263408] ACPI: 2 ACPI AML tables successfully acquired and loaded
[    0.266791] ACPI: Interpreter enabled
[    0.266805] ACPI: (supports S0 S5)
[    0.266807] ACPI: Using IOAPIC for interrupt routing
[    0.267289] PCI: Using host bridge windows from ACPI; if necessary, use "pci=nocrs" and report a bug
[    0.267521] ACPI: Enabled 2 GPEs in block 00 to 07
[    0.276391] ACPI: PCI Root Bridge [PCI0] (domain 0000 [bus 00-ff])
[    0.276397] acpi PNP0A03:00: _OSC: OS supports [ASPM ClockPM Segments MSI]
[    0.277163] acpi PNP0A03:00: _OSC: not requesting OS control; OS requires [ExtendedConfig ASPM ClockPM MSI]
[    0.277174] acpi PNP0A03:00: fail to add MMCONFIG information, can't access extended PCI configuration space under this bridge.
[    0.277727] PCI host bridge to bus 0000:00
[    0.277730] pci_bus 0000:00: root bus resource [io  0x0000-0x0cf7 window]
[    0.277731] pci_bus 0000:00: root bus resource [io  0x0d00-0xffff window]
[    0.277732] pci_bus 0000:00: root bus resource [mem 0x000a0000-0x000bffff window]
[    0.277734] pci_bus 0000:00: root bus resource [mem 0x5ef00000-0xfdffffff window]
[    0.277735] pci_bus 0000:00: root bus resource [bus 00-ff]
[    0.277792] pci 0000:00:00.0: [8086:1237] type 00 class 0x060000
[    0.279288] pci 0000:00:01.0: [8086:7000] type 00 class 0x060100
[    0.280669] pci 0000:00:01.1: [8086:7111] type 00 class 0x01018a
[    0.281381] pci 0000:00:01.1: reg 0x20: [io  0xd000-0xd00f]
[    0.281697] pci 0000:00:01.1: legacy IDE quirk: reg 0x10: [io  0x01f0-0x01f7]
[    0.281698] pci 0000:00:01.1: legacy IDE quirk: reg 0x14: [io  0x03f6]
[    0.281700] pci 0000:00:01.1: legacy IDE quirk: reg 0x18: [io  0x0170-0x0177]
[    0.281701] pci 0000:00:01.1: legacy IDE quirk: reg 0x1c: [io  0x0376]
[    0.282808] pci 0000:00:02.0: [15ad:0405] type 00 class 0x030000
[    0.284426] pci 0000:00:02.0: reg 0x10: [io  0xd010-0xd01f]
[    0.285662] pci 0000:00:02.0: reg 0x14: [mem 0xf0000000-0xf0ffffff pref]
[    0.287114] pci 0000:00:02.0: reg 0x18: [mem 0xf1000000-0xf11fffff]
[    0.293785] pci 0000:00:03.0: [8086:100e] type 00 class 0x020000
[    0.296096] pci 0000:00:03.0: reg 0x10: [mem 0xf1200000-0xf121ffff]
[    0.298251] pci 0000:00:03.0: reg 0x18: [io  0xd020-0xd027]
[    0.303240] pci 0000:00:04.0: [80ee:cafe] type 00 class 0x088000
[    0.304105] pci 0000:00:04.0: reg 0x10: [io  0xd040-0xd05f]
[    0.305309] pci 0000:00:04.0: reg 0x14: [mem 0xf1400000-0xf17fffff]
[    0.306302] pci 0000:00:04.0: reg 0x18: [mem 0xf1800000-0xf1803fff pref]
[    0.311032] pci 0000:00:05.0: [8086:2415] type 00 class 0x040100
[    0.311228] pci 0000:00:05.0: reg 0x10: [io  0xd100-0xd1ff]
[    0.311319] pci 0000:00:05.0: reg 0x14: [io  0xd200-0xd23f]
[    0.313067] pci 0000:00:06.0: [106b:003f] type 00 class 0x0c0310
[    0.314222] pci 0000:00:06.0: reg 0x10: [mem 0xf1804000-0xf1804fff]
[    0.321884] pci 0000:00:07.0: [8086:7113] type 00 class 0x068000
[    0.323107] pci 0000:00:07.0: quirk: [io  0x4000-0x403f] claimed by PIIX4 ACPI
[    0.323126] pci 0000:00:07.0: quirk: [io  0x4100-0x410f] claimed by PIIX4 SMB
[    0.326839] pci 0000:00:0d.0: [8086:2829] type 00 class 0x010601
[    0.328119] pci 0000:00:0d.0: reg 0x10: [io  0xd240-0xd247]
[    0.329289] pci 0000:00:0d.0: reg 0x14: [io  0xd248-0xd24b]
[    0.330292] pci 0000:00:0d.0: reg 0x18: [io  0xd250-0xd257]
[    0.331344] pci 0000:00:0d.0: reg 0x1c: [io  0xd258-0xd25b]
[    0.332049] pci 0000:00:0d.0: reg 0x20: [io  0xd260-0xd26f]
[    0.332199] pci 0000:00:0d.0: reg 0x24: [mem 0xf1806000-0xf1807fff]
[    0.345433] ACPI: PCI Interrupt Link [LNKA] (IRQs 5 9 10 *11)
[    0.346250] ACPI: PCI Interrupt Link [LNKB] (IRQs 5 9 *10 11)
[    0.346477] ACPI: PCI Interrupt Link [LNKC] (IRQs 5 *9 10 11)
[    0.346827] ACPI: PCI Interrupt Link [LNKD] (IRQs 5 9 10 *11)
[    0.347346] pci 0000:00:02.0: vgaarb: setting as boot VGA device
[    0.347346] pci 0000:00:02.0: vgaarb: VGA device added: decodes=io+mem,owns=io+mem,locks=none
[    0.347346] pci 0000:00:02.0: vgaarb: bridge control possible
[    0.347346] vgaarb: loaded
[    0.348401] SCSI subsystem initialized
[    0.348490] libata version 3.00 loaded.
[    0.348490] ACPI: bus type USB registered
[    0.348490] usbcore: registered new interface driver usbfs
[    0.348490] usbcore: registered new interface driver hub
[    0.348490] usbcore: registered new device driver usb
[    0.348490] pps_core: LinuxPPS API ver. 1 registered
[    0.348490] pps_core: Software ver. 5.3.6 - Copyright 2005-2007 Rodolfo Giometti <giometti@linux.it>
[    0.348490] PTP clock support registered
[    0.352094] EDAC MC: Ver: 3.0.0
[    0.352464] PCI: Using ACPI for IRQ routing
[    0.352464] PCI: pci_cache_line_size set to 64 bytes
[    0.352464] e820: reserve RAM buffer [mem 0x0009fc00-0x0009ffff]
[    0.352464] e820: reserve RAM buffer [mem 0x5eef0000-0x5fffffff]
[    0.352517] NetLabel: Initializing
[    0.352518] NetLabel:  domain hash size = 128
[    0.352518] NetLabel:  protocols = UNLABELED CIPSOv4 CALIPSO
[    0.352538] NetLabel:  unlabeled traffic allowed by default
[    0.352841] clocksource: Switched to clocksource kvm-clock
[    0.380128] VFS: Disk quotas dquot_6.6.0
[    0.380153] VFS: Dquot-cache hash table entries: 512 (order 0, 4096 bytes)
[    0.380315] AppArmor: AppArmor Filesystem Enabled
[    0.380354] pnp: PnP ACPI init
[    0.380458] pnp 00:00: Plug and Play ACPI device, IDs PNP0303 (active)
[    0.380568] pnp 00:01: Plug and Play ACPI device, IDs PNP0f03 (active)
[    0.381712] pnp: PnP ACPI: found 2 devices
[    0.395385] clocksource: acpi_pm: mask: 0xffffff max_cycles: 0xffffff, max_idle_ns: 2085701024 ns
[    0.395399] pci_bus 0000:00: resource 4 [io  0x0000-0x0cf7 window]
[    0.395401] pci_bus 0000:00: resource 5 [io  0x0d00-0xffff window]
[    0.395403] pci_bus 0000:00: resource 6 [mem 0x000a0000-0x000bffff window]
[    0.395404] pci_bus 0000:00: resource 7 [mem 0x5ef00000-0xfdffffff window]
[    0.395505] NET: Registered protocol family 2
[    0.395821] tcp_listen_portaddr_hash hash table entries: 1024 (order: 2, 16384 bytes)
[    0.395831] TCP established hash table entries: 16384 (order: 5, 131072 bytes)
[    0.395857] TCP bind hash table entries: 16384 (order: 6, 262144 bytes)
[    0.395880] TCP: Hash tables configured (established 16384 bind 16384)
[    0.395914] UDP hash table entries: 1024 (order: 3, 32768 bytes)
[    0.395922] UDP-Lite hash table entries: 1024 (order: 3, 32768 bytes)
[    0.395966] NET: Registered protocol family 1
[    0.395976] NET: Registered protocol family 44
[    0.396032] pci 0000:00:00.0: Limiting direct PCI/PCI transfers
[    0.396057] pci 0000:00:01.0: Activating ISA DMA hang workarounds
[    0.396224] pci 0000:00:02.0: Video device with shadowed ROM at [mem 0x000c0000-0x000dffff]
[    0.398792] PCI: CLS 0 bytes, default 64
[    0.398845] Unpacking initramfs...
[    1.630184] Freeing initrd memory: 59060K
[    1.630322] clocksource: tsc: mask: 0xffffffffffffffff max_cycles: 0x229835b7123, max_idle_ns: 440795242976 ns
[    1.630363] platform rtc_cmos: registered platform RTC device (no PNP device found)
[    1.630391] check: Scanning for low memory corruption every 60 seconds
[    1.636763] Initialise system trusted keyrings
[    1.636772] Key type blacklist registered
[    1.636981] workingset: timestamp_bits=36 max_order=19 bucket_order=0
[    1.638825] zbud: loaded
[    1.639587] squashfs: version 4.0 (2009/01/31) Phillip Lougher
[    1.640199] fuse init (API version 7.28)
[    1.704594] Key type asymmetric registered
[    1.704595] Asymmetric key parser 'x509' registered
[    1.704613] Block layer SCSI generic (bsg) driver version 0.4 loaded (major 244)
[    1.704763] io scheduler noop registered
[    1.704765] io scheduler deadline registered
[    1.704837] io scheduler cfq registered (default)
[    1.705275] shpchp: Standard Hot Plug PCI Controller Driver version: 0.4
[    1.705354] intel_idle: Please enable MWAIT in BIOS SETUP
[    1.705500] ACPI: AC Adapter [AC] (on-line)
[    1.705553] input: Power Button as /devices/LNXSYSTM:00/LNXPWRBN:00/input/input0
[    1.705567] ACPI: Power Button [PWRF]
[    1.705652] input: Sleep Button as /devices/LNXSYSTM:00/LNXSLPBN:00/input/input1
[    1.705659] ACPI: Sleep Button [SLPF]
[    1.706282] Serial: 8250/16550 driver, 32 ports, IRQ sharing enabled
[    1.707997] battery: ACPI: Battery Slot [BAT0] (battery present)
[    1.712349] Linux agpgart interface v0.103
[    1.715684] loop: module loaded
[    1.715841] ata_piix 0000:00:01.1: version 2.13
[    1.716788] scsi host0: ata_piix
[    1.717196] scsi host1: ata_piix
[    1.717238] ata1: PATA max UDMA/33 cmd 0x1f0 ctl 0x3f6 bmdma 0xd000 irq 14
[    1.717239] ata2: PATA max UDMA/33 cmd 0x170 ctl 0x376 bmdma 0xd008 irq 15
[    1.717385] libphy: Fixed MDIO Bus: probed
[    1.717386] tun: Universal TUN/TAP device driver, 1.6
[    1.717520] PPP generic driver version 2.4.2
[    1.717640] ehci_hcd: USB 2.0 'Enhanced' Host Controller (EHCI) Driver
[    1.717644] ehci-pci: EHCI PCI platform driver
[    1.717660] ehci-platform: EHCI generic platform driver
[    1.717669] ohci_hcd: USB 1.1 'Open' Host Controller (OHCI) Driver
[    1.717672] ohci-pci: OHCI PCI platform driver
[    1.718793] ohci-pci 0000:00:06.0: OHCI PCI host controller
[    1.718803] ohci-pci 0000:00:06.0: new USB bus registered, assigned bus number 1
[    1.718984] ohci-pci 0000:00:06.0: irq 22, io mem 0xf1804000
[    1.876466] usb usb1: New USB device found, idVendor=1d6b, idProduct=0001, bcdDevice= 4.20
[    1.876469] usb usb1: New USB device strings: Mfr=3, Product=2, SerialNumber=1
[    1.876471] usb usb1: Product: OHCI PCI host controller
[    1.876472] usb usb1: Manufacturer: Linux 4.20.11.oslab ohci_hcd
[    1.876474] usb usb1: SerialNumber: 0000:00:06.0
[    1.876763] hub 1-0:1.0: USB hub found
[    1.876785] hub 1-0:1.0: 12 ports detected
[    1.876868] ata1.00: ATAPI: VBOX CD-ROM, 1.0, max UDMA/133
[    1.877195] ata2.00: ATAPI: VBOX CD-ROM, 1.0, max UDMA/133
[    1.877427] ohci-platform: OHCI generic platform driver
[    1.877444] uhci_hcd: USB Universal Host Controller Interface driver
[    1.877518] i8042: PNP: PS/2 Controller [PNP0303:PS2K,PNP0f03:PS2M] at 0x60,0x64 irq 1,12
[    1.878376] serio: i8042 KBD port at 0x60,0x64 irq 1
[    1.878418] serio: i8042 AUX port at 0x60,0x64 irq 12
[    1.878657] scsi 0:0:0:0: CD-ROM            VBOX     CD-ROM           1.0  PQ: 0 ANSI: 5
[    1.878771] mousedev: PS/2 mouse device common for all mice
[    1.880000] input: AT Translated Set 2 keyboard as /devices/platform/i8042/serio0/input/input2
[    1.880099] rtc_cmos rtc_cmos: registered as rtc0
[    1.880189] rtc_cmos rtc_cmos: alarms up to one day, 114 bytes nvram
[    1.880198] i2c /dev entries driver
[    1.880371] device-mapper: uevent: version 1.0.3
[    1.880588] device-mapper: ioctl: 4.39.0-ioctl (2018-04-03) initialised: dm-devel@redhat.com
[    1.881192] ledtrig-cpu: registered to indicate activity on CPUs
[    1.881487] NET: Registered protocol family 10
[    1.892006] Segment Routing with IPv6
[    1.892037] NET: Registered protocol family 17
[    1.892223] Key type dns_resolver registered
[    1.892849] RAS: Correctable Errors collector initialized.
[    1.892869] sched_clock: Marking stable (1870469103, 22319921)->(2005414762, -112625738)
[    1.894095] registered taskstats version 1
[    1.894108] Loading compiled-in X.509 certificates
[    1.897364] Loaded X.509 cert 'Build time autogenerated kernel key: 50dbbc3b71db0ef39b3ccc18ed436744b50ae110'
[    1.897411] zswap: loaded using pool lzo/zbud
[    1.907475] Key type big_key registered
[    1.907480] Key type trusted registered
[    1.912216] Key type encrypted registered
[    1.912240] AppArmor: AppArmor sha1 policy hashing enabled
[    1.912261] ima: No TPM chip found, activating TPM-bypass!
[    1.912270] ima: Allocated hash algorithm: sha1
[    1.912293] evm: Initialising EVM extended attributes:
[    1.912294] evm: security.selinux
[    1.912294] evm: security.SMACK64
[    1.912295] evm: security.SMACK64EXEC
[    1.912295] evm: security.SMACK64TRANSMUTE
[    1.912296] evm: security.SMACK64MMAP
[    1.912296] evm: security.apparmor
[    1.912297] evm: security.ima
[    1.912297] evm: security.capability
[    1.912298] evm: HMAC attrs: 0x1
[    1.912562]   Magic number: 8:655:316
[    1.912589] tty tty41: hash matches
[    1.912694] rtc_cmos rtc_cmos: setting system clock to 2020-06-10 06:19:11 UTC (1591769951)
[    1.912704] sr 0:0:0:0: [sr0] scsi3-mmc drive: 32x/32x xa/form2 tray
[    1.912706] cdrom: Uniform CD-ROM driver Revision: 3.20
[    1.913003] sr 0:0:0:0: Attached scsi CD-ROM sr0
[    1.913369] sr 0:0:0:0: Attached scsi generic sg0 type 5
[    1.914034] scsi 1:0:0:0: CD-ROM            VBOX     CD-ROM           1.0  PQ: 0 ANSI: 5
[    1.914977] sr 1:0:0:0: [sr1] scsi3-mmc drive: 32x/32x xa/form2 tray
[    1.915284] sr 1:0:0:0: Attached scsi CD-ROM sr1
[    1.915488] sr 1:0:0:0: Attached scsi generic sg1 type 5
[    1.917877] Freeing unused decrypted memory: 2040K
[    1.918497] Freeing unused kernel image memory: 2460K
[    1.944601] Write protecting the kernel read-only data: 22528k
[    1.945710] Freeing unused kernel image memory: 2012K
[    1.946334] Freeing unused kernel image memory: 1992K
[    1.960509] x86/mm: Checked W+X mappings: passed, no W+X pages found.
[    1.960511] x86/mm: Checking user space page tables
[    1.974597] x86/mm: Checked W+X mappings: passed, no W+X pages found.
[    1.974604] Run /init as init process
[    2.080647] piix4_smbus 0000:00:07.0: SMBus Host Controller at 0x4100, revision 0
[    2.104345] ACPI: Video Device [GFX0] (multi-head: yes  rom: no  post: no)
[    2.104455] input: Video Bus as /devices/LNXSYSTM:00/LNXSYBUS:00/PNP0A03:00/LNXVIDEO:00/input/input4
[    2.151420] e1000: Intel(R) PRO/1000 Network Driver - version 7.3.21-k8-NAPI
[    2.151422] e1000: Copyright (c) 1999-2006 Intel Corporation.
[    2.163411] ahci 0000:00:0d.0: version 3.0
[    2.164646] ahci 0000:00:0d.0: SSS flag set, parallel bus scan disabled
[    2.164876] ahci 0000:00:0d.0: AHCI 0001.0100 32 slots 1 ports 3 Gbps 0x1 impl SATA mode
[    2.164878] ahci 0000:00:0d.0: flags: 64bit ncq stag only ccc 
[    2.165237] scsi host2: ahci
[    2.165294] ata3: SATA max UDMA/133 abar m8192@0xf1806000 port 0xf1806100 irq 21
[    2.207793] [drm] DMA map mode: Using physical TTM page addresses.
[    2.207871] [drm] Capabilities:
[    2.207871] [drm]   Cursor.
[    2.207872] [drm]   Cursor bypass 2.
[    2.207873] [drm]   Alpha cursor.
[    2.207873] [drm]   3D.
[    2.207874] [drm]   Extended Fifo.
[    2.207875] [drm]   Pitchlock.
[    2.207875] [drm]   Irq mask.
[    2.207876] [drm]   GMR.
[    2.207876] [drm]   Traces.
[    2.207877] [drm]   GMR2.
[    2.207878] [drm]   Screen Object 2.
[    2.207879] [drm] Max GMR ids is 8192
[    2.207880] [drm] Max number of GMR pages is 1048576
[    2.207881] [drm] Max dedicated hypervisor surface memory is 507904 kiB
[    2.207882] [drm] Maximum display memory size is 16384 kiB
[    2.207883] [drm] VRAM at 0xf0000000 size is 16384 kiB
[    2.207884] [drm] MMIO at 0xf1000000 size is 2048 kiB
[    2.207886] [drm] global init.
[    2.208065] [TTM] Zone  kernel: Available graphics memory: 751906 kiB
[    2.208066] [TTM] Initializing pool allocator
[    2.208071] [TTM] Initializing DMA pool allocator
[    2.208806] [drm] Supports vblank timestamp caching Rev 2 (21.10.2013).
[    2.208807] [drm] No driver support for vblank timestamp query.
[    2.209162] [drm] Screen Objects Display Unit initialized
[    2.209236] [drm] width 720
[    2.209252] [drm] height 400
[    2.209268] [drm] bpp 32
[    2.209610] [drm] Fifo max 0x00200000 min 0x00001000 cap 0x00000355
[    2.209621] [drm] DX: no.
[    2.209622] [drm] Atomic: yes.
[    2.209622] [drm] SM4_1: no.
[    2.209642] [drm:vmw_host_log [vmwgfx]] *ERROR* Failed to send host log message.
[    2.211091] [drm:vmw_host_log [vmwgfx]] *ERROR* Failed to send host log message.
[    2.214573] fbcon: svgadrmfb (fb0) is primary device
[    2.219518] Console: switching to colour frame buffer device 100x37
[    2.225750] [drm] Initialized vmwgfx 2.15.0 20180704 for 0000:00:02.0 on minor 0
[    2.360236] usb 1-1: new full-speed USB device number 2 using ohci-pci
[    2.370188] input: ImExPS/2 Generic Explorer Mouse as /devices/platform/i8042/serio1/input/input5
[    2.484666] ata3: SATA link up 3.0 Gbps (SStatus 123 SControl 300)
[    2.484829] ata3.00: ATA-6: VBOX HARDDISK, 1.0, max UDMA/133
[    2.484831] ata3.00: 83886080 sectors, multi 128: LBA48 NCQ (depth 32)
[    2.485060] ata3.00: configured for UDMA/133
[    2.485247] scsi 2:0:0:0: Direct-Access     ATA      VBOX HARDDISK    1.0  PQ: 0 ANSI: 5
[    2.485575] sd 2:0:0:0: [sda] 83886080 512-byte logical blocks: (42.9 GB/40.0 GiB)
[    2.485585] sd 2:0:0:0: [sda] Write Protect is off
[    2.485587] sd 2:0:0:0: [sda] Mode Sense: 00 3a 00 00
[    2.485606] sd 2:0:0:0: [sda] Write cache: enabled, read cache: enabled, doesn't support DPO or FUA
[    2.485893] sd 2:0:0:0: Attached scsi generic sg2 type 0
[    2.492444]  sda: sda1
[    2.492881] sd 2:0:0:0: [sda] Attached SCSI disk
[    2.631903] e1000 0000:00:03.0 eth0: (PCI:33MHz:32-bit) 08:00:27:ff:a1:37
[    2.631911] e1000 0000:00:03.0 eth0: Intel(R) PRO/1000 Network Connection
[    2.633546] e1000 0000:00:03.0 enp0s3: renamed from eth0
[    2.714720] usb 1-1: New USB device found, idVendor=80ee, idProduct=0021, bcdDevice= 1.00
[    2.714723] usb 1-1: New USB device strings: Mfr=1, Product=3, SerialNumber=0
[    2.714725] usb 1-1: Product: USB Tablet
[    2.714727] usb 1-1: Manufacturer: VirtualBox
[    2.727955] hidraw: raw HID events driver (C) Jiri Kosina
[    2.744472] usbcore: registered new interface driver usbhid
[    2.744474] usbhid: USB HID core driver
[    2.747950] input: VirtualBox USB Tablet as /devices/pci0000:00/0000:00:06.0/usb1/1-1/1-1:1.0/0003:80EE:0021.0001/input/input6
[    2.748588] hid-generic 0003:80EE:0021.0001: input,hidraw0: USB HID v1.10 Mouse [VirtualBox USB Tablet] on usb-0000:00:06.0-1/input0
[    2.802125] random: fast init done
[    2.820794] EXT4-fs (sda1): mounted filesystem with ordered data mode. Opts: (null)
[    3.104268] systemd[1]: systemd 237 running in system mode. (+PAM +AUDIT +SELINUX +IMA +APPARMOR +SMACK +SYSVINIT +UTMP +LIBCRYPTSETUP +GCRYPT +GNUTLS +ACL +XZ +LZ4 +SECCOMP +BLKID +ELFUTILS +KMOD -IDN2 +IDN -PCRE2 default-hierarchy=hybrid)
[    3.104308] systemd[1]: Detected virtualization oracle.
[    3.104313] systemd[1]: Detected architecture x86-64.
[    3.113184] systemd[1]: Set hostname to <sungyoon-VirtualBox>.
[    3.312164] [Pid: 1], CPUburst: 219634
[    3.437456] random: systemd: uninitialized urandom read (16 bytes read)
[    3.437472] systemd[1]: Reached target Remote File Systems.
[    3.437560] random: systemd: uninitialized urandom read (16 bytes read)
[    3.437737] systemd[1]: Created slice User and Session Slice.
[    3.437762] random: systemd: uninitialized urandom read (16 bytes read)
[    3.437858] systemd[1]: Started Forward Password Requests to Wall Directory Watch.
[    3.438060] systemd[1]: Set up automount Arbitrary Executable File Formats File System Automount Point.
[    3.438082] systemd[1]: Reached target User and Group Name Lookups.
[    3.438102] systemd[1]: Reached target System Time Synchronized.
[    3.486202] EXT4-fs (sda1): re-mounted. Opts: errors=remount-ro
[    3.606617] Adding 1942896k swap on /swapfile.  Priority:-2 extents:6 across:2106736k FS
[    3.612411] lp: driver loaded but no devices found
[    3.620219] ppdev: user-space parallel port driver
[    3.641559] systemd-journald[308]: Received request to flush runtime journal from PID 1
[    4.380262] vboxguest: loading out-of-tree module taints kernel.
[    4.380423] vboxguest: module verification failed: signature and/or required key missing - tainting kernel
[    4.386660] vgdrvHeartbeatInit: Setting up heartbeat to trigger every 2000 milliseconds
[    4.386924] input: Unspecified device as /devices/pci0000:00/0000:00:04.0/input/input7
[    4.388666] vboxguest: Successfully loaded version 6.1.4
[    4.388718] vboxguest: misc device minor 55, IRQ 20, I/O port d040, MMIO at 00000000f1400000 (size 0x400000)
[    4.388720] vboxguest: Successfully loaded version 6.1.4 (interface 0x00010004)
[    4.641353] random: crng init done
[    4.641356] random: 7 urandom warning(s) missed due to ratelimiting
[    4.693457] RAPL PMU: API unit is 2^-32 Joules, 5 fixed counters, 10737418240 ms ovfl timer
[    4.693458] RAPL PMU: hw unit of domain pp0-core 2^-0 Joules
[    4.693459] RAPL PMU: hw unit of domain package 2^-0 Joules
[    4.693460] RAPL PMU: hw unit of domain dram 2^-0 Joules
[    4.693461] RAPL PMU: hw unit of domain pp1-gpu 2^-0 Joules
[    4.693462] RAPL PMU: hw unit of domain psys 2^-0 Joules
[    4.937786] cryptd: max_cpu_qlen set to 1000
[    5.029970] audit: type=1400 audit(1591769954.612:2): apparmor="STATUS" operation="profile_load" profile="unconfined" name="/sbin/dhclient" pid=502 comm="apparmor_parser"
[    5.029975] audit: type=1400 audit(1591769954.612:3): apparmor="STATUS" operation="profile_load" profile="unconfined" name="/usr/lib/NetworkManager/nm-dhcp-client.action" pid=502 comm="apparmor_parser"
[    5.029977] audit: type=1400 audit(1591769954.612:4): apparmor="STATUS" operation="profile_load" profile="unconfined" name="/usr/lib/NetworkManager/nm-dhcp-helper" pid=502 comm="apparmor_parser"
[    5.029980] audit: type=1400 audit(1591769954.612:5): apparmor="STATUS" operation="profile_load" profile="unconfined" name="/usr/lib/connman/scripts/dhclient-script" pid=502 comm="apparmor_parser"
[    5.054823] audit: type=1400 audit(1591769954.636:6): apparmor="STATUS" operation="profile_load" profile="unconfined" name="/usr/bin/man" pid=505 comm="apparmor_parser"
[    5.054828] audit: type=1400 audit(1591769954.636:7): apparmor="STATUS" operation="profile_load" profile="unconfined" name="man_filter" pid=505 comm="apparmor_parser"
[    5.054831] audit: type=1400 audit(1591769954.636:8): apparmor="STATUS" operation="profile_load" profile="unconfined" name="man_groff" pid=505 comm="apparmor_parser"
[    5.121790] audit: type=1400 audit(1591769954.704:9): apparmor="STATUS" operation="profile_load" profile="unconfined" name="libreoffice-oopslash" pid=509 comm="apparmor_parser"
[    5.124193] audit: type=1400 audit(1591769954.704:10): apparmor="STATUS" operation="profile_load" profile="unconfined" name="libreoffice-senddoc" pid=510 comm="apparmor_parser"
[    5.219947] AVX2 version of gcm_enc/dec engaged.
[    5.219949] AES CTR mode by8 optimization enabled
[    5.260164] kauditd_printk_skb: 4 callbacks suppressed
[    5.260166] audit: type=1400 audit(1591769954.840:15): apparmor="STATUS" operation="profile_load" profile="unconfined" name="/usr/lib/cups/backend/cups-pdf" pid=520 comm="apparmor_parser"
[    5.260171] audit: type=1400 audit(1591769954.840:16): apparmor="STATUS" operation="profile_load" profile="unconfined" name="/usr/sbin/cupsd" pid=520 comm="apparmor_parser"
[    5.260174] audit: type=1400 audit(1591769954.840:17): apparmor="STATUS" operation="profile_load" profile="unconfined" name="/usr/sbin/cupsd//third_party" pid=520 comm="apparmor_parser"
[    5.263223] audit: type=1400 audit(1591769954.844:18): apparmor="STATUS" operation="profile_load" profile="unconfined" name="libreoffice-soffice" pid=511 comm="apparmor_parser"
[    5.263228] audit: type=1400 audit(1591769954.844:19): apparmor="STATUS" operation="profile_load" profile="unconfined" name="libreoffice-soffice//gpg" pid=511 comm="apparmor_parser"
[    5.304248] audit: type=1400 audit(1591769954.884:20): apparmor="STATUS" operation="profile_load" profile="unconfined" name="/usr/sbin/ippusbxd" pid=527 comm="apparmor_parser"
[    5.308111] audit: type=1400 audit(1591769954.888:21): apparmor="STATUS" operation="profile_load" profile="unconfined" name="/usr/sbin/tcpdump" pid=562 comm="apparmor_parser"
[    5.365917] audit: type=1400 audit(1591769954.948:22): apparmor="STATUS" operation="profile_load" profile="unconfined" name="/usr/bin/evince" pid=503 comm="apparmor_parser"
[    5.365922] audit: type=1400 audit(1591769954.948:23): apparmor="STATUS" operation="profile_load" profile="unconfined" name="/usr/bin/evince//sanitized_helper" pid=503 comm="apparmor_parser"
[    5.365925] audit: type=1400 audit(1591769954.948:24): apparmor="STATUS" operation="profile_load" profile="unconfined" name="/usr/bin/evince-previewer" pid=503 comm="apparmor_parser"
[    8.192482] [Pid: 10], CPUburst: 9429
[    8.260714] snd_intel8x0 0000:00:05.0: white list rate for 1028:0177 is 48000
[    8.717731] [Pid: 645], CPUburst: 44589
[    9.069922] [Pid: 645], CPUburst: 51434
[    9.647680] [Pid: 250], CPUburst: 26234
[   10.303156] [Pid: 300], CPUburst: 4237
[   10.321246] [Pid: 771], CPUburst: 153294
[   10.605279] IPv6: ADDRCONF(NETDEV_UP): enp0s3: link is not ready
[   10.613177] IPv6: ADDRCONF(NETDEV_UP): enp0s3: link is not ready
[   10.613773] e1000: enp0s3 NIC Link is Up 1000 Mbps Full Duplex, Flow Control: RX
[   10.614262] IPv6: ADDRCONF(NETDEV_CHANGE): enp0s3: link becomes ready
[   11.741819] [Pid: 251], CPUburst: 10512
[   11.745874] [Pid: 771], CPUburst: 152268
[   11.996896] [Pid: 249], CPUburst: 13015
[   12.668277] [Pid: 640], CPUburst: 11635
[   12.900573] [Pid: 771], CPUburst: 201318
[   13.397577] [Pid: 251], CPUburst: 5954
[   13.537074] [Pid: 771], CPUburst: 180992
[   13.865115] [Pid: 300], CPUburst: 10259
[   14.261376] [Pid: 771], CPUburst: 88104
[   14.682165] [Pid: 250], CPUburst: 3872
[   14.996117] [Pid: 771], CPUburst: 216909
[   15.293570] [Pid: 300], CPUburst: 9875
[   15.416213] [Pid: 10], CPUburst: 4415
[   16.147692] [Pid: 971], CPUburst: 8601
[   16.208845] [Pid: 971], CPUburst: 3780
[   16.253447] [Pid: 971], CPUburst: 165004
[   16.459974] 06:19:26.047131 main     VBoxService 6.1.4 r136177 (verbosity: 0) linux.amd64 (Feb 18 2020 18:13:55) release log
               06:19:26.047198 main     Log opened 2020-06-10T06:19:26.046983000Z
[   16.460091] 06:19:26.047367 main     OS Product: Linux
[   16.460272] 06:19:26.047562 main     OS Release: 4.20.11.oslab
[   16.460333] 06:19:26.047632 main     OS Version: #3 SMP Wed Jun 10 15:14:24 KST 2020
[   16.460425] 06:19:26.047691 main     Executable: /opt/VBoxGuestAdditions-6.1.4/sbin/VBoxService
               06:19:26.047693 main     Process ID: 1031
               06:19:26.047694 main     Package type: LINUX_64BITS_GENERIC
[   16.461877] 06:19:26.049149 main     6.1.4 r136177 started. Verbose level = 0
[   16.463332] 06:19:26.050574 main     vbglR3GuestCtrlDetectPeekGetCancelSupport: Supported (#1)
[   18.155260] [Pid: 402], CPUburst: 181227
[   18.201488] VBGL_IOCTL_ACQUIRE_GUEST_CAPABILITIES failed rc=-138
[   18.723745] [Pid: 1079], CPUburst: 30390
[   19.119573] [Pid: 249], CPUburst: 16223
[   20.453089] [Pid: 1268], CPUburst: 47983
[   21.135894] [Pid: 250], CPUburst: 6483
[   21.910235] [Pid: 300], CPUburst: 5576
[   22.630274] [Pid: 1268], CPUburst: 1445060
[   23.350810] [Pid: 630], CPUburst: 422865
[   23.633800] [Pid: 1079], CPUburst: 38183
[   23.664745] [Pid: 10], CPUburst: 7094
[   23.697842] rfkill: input handler disabled
[   23.716602] [Pid: 1089], CPUburst: 346095
[   24.517773] VBGL_IOCTL_ACQUIRE_GUEST_CAPABILITIES failed rc=-138
[   25.589648] [Pid: 1268], CPUburst: 109937
[   25.831954] [Pid: 1268], CPUburst: 12902
[   26.130906] [Pid: 1079], CPUburst: 34068
[   26.923724] [Pid: 1496], CPUburst: 233702
[   27.598471] ISO 9660 Extensions: Microsoft Joliet Level 3
[   27.627921] ISO 9660 Extensions: RRIP_1991A
[   27.865988] [Pid: 1268], CPUburst: 56278
[   27.893366] [Pid: 249], CPUburst: 9708
[   30.220477] [Pid: 1], CPUburst: 14726
[   31.085300] [Pid: 1079], CPUburst: 339423
[   31.098709] [Pid: 402], CPUburst: 77315
[   34.965638] [Pid: 1268], CPUburst: 45704
[   34.981316] [Pid: 1089], CPUburst: 400005
[   35.322673] [Pid: 1079], CPUburst: 39593
[   38.306262] [Pid: 10], CPUburst: 25204
[   40.422147] [Pid: 1268], CPUburst: 2304146
[   40.567742] [Pid: 1496], CPUburst: 113125
[   41.900741] [Pid: 1079], CPUburst: 46933
[   41.910885] [Pid: 308], CPUburst: 289367
[   48.248280] [Pid: 1214], CPUburst: 56833
[   50.033887] [Pid: 1268], CPUburst: 225682
[   50.068363] [Pid: 1079], CPUburst: 33753
[   50.595137] [Pid: 1268], CPUburst: 91255
[   50.800563] [Pid: 1268], CPUburst: 13736
[   50.803044] [Pid: 1268], CPUburst: 7876
[   50.828884] [Pid: 1268], CPUburst: 8776
[   51.055066] [Pid: 1677], CPUburst: 403711
[   52.063226] [Pid: 1268], CPUburst: 3407
[   52.262259] [Pid: 1677], CPUburst: 1438592
[   53.049152] [Pid: 1079], CPUburst: 54029
[   53.446052] [Pid: 1268], CPUburst: 440466
[   53.559272] [Pid: 1268], CPUburst: 22133
[   53.733774] [Pid: 250], CPUburst: 10413
[   53.966009] [Pid: 1268], CPUburst: 83190
[   54.032814] [Pid: 1677], CPUburst: 1039659
[   54.099323] [Pid: 1268], CPUburst: 242629
[   54.325265] [Pid: 1268], CPUburst: 10102
[   54.561732] [Pid: 10], CPUburst: 12649
[   54.682497] [Pid: 1268], CPUburst: 2007167
[   55.102311] [Pid: 1079], CPUburst: 32880
[   55.129387] [Pid: 1677], CPUburst: 733438
[   55.417626] [Pid: 1677], CPUburst: 43632
[   55.719586] [Pid: 1741], CPUburst: 48777
[   55.789938] [Pid: 1268], CPUburst: 1012006
[   56.027688] [Pid: 1808], CPUburst: 255054
[   56.255638] [Pid: 1677], CPUburst: 284296
[   56.439445] [Pid: 1677], CPUburst: 14231
[   56.446089] [Pid: 1268], CPUburst: 2286
[   56.566558] [Pid: 1677], CPUburst: 20654
[   56.608277] [Pid: 1079], CPUburst: 145056
[   56.769682] [Pid: 1079], CPUburst: 95491
[   56.857534] [Pid: 1268], CPUburst: 239062
[   56.964572] [Pid: 1268], CPUburst: 3845
[   57.001775] [Pid: 1677], CPUburst: 323839
[   57.005484] [Pid: 1268], CPUburst: 332764
[   57.076099] [Pid: 1741], CPUburst: 30529
[   57.457810] [Pid: 1268], CPUburst: 74618
[   57.678323] [Pid: 1677], CPUburst: 1355
[   57.678330] [Pid: 1677], CPUburst: 1482
[   57.899489] [Pid: 1268], CPUburst: 61023
[   58.026513] [Pid: 1], CPUburst: 2326911
[   58.112416] [Pid: 1741], CPUburst: 98282
[   58.271747] [Pid: 1677], CPUburst: 440604
[   58.321757] [Pid: 1079], CPUburst: 56432
[   58.919676] [Pid: 1677], CPUburst: 167243
[   58.936315] [Pid: 1268], CPUburst: 206589
[   58.957609] [Pid: 1677], CPUburst: 63439
[   59.163436] [Pid: 1268], CPUburst: 16791
[   59.410760] [Pid: 1677], CPUburst: 89485
[   59.626483] [Pid: 1677], CPUburst: 1827
[   59.667068] [Pid: 1079], CPUburst: 39795
[   59.682239] [Pid: 1677], CPUburst: 502534
[   59.822383] [Pid: 1268], CPUburst: 73415
[   59.894761] [Pid: 1781], CPUburst: 92664
[   59.929006] [Pid: 1268], CPUburst: 3339
[   60.294097] [Pid: 1268], CPUburst: 1426416
[   60.416180] [Pid: 1677], CPUburst: 3567
[   60.599648] [Pid: 1268], CPUburst: 168412
[   60.679009] [Pid: 1781], CPUburst: 97254
[   60.883703] [Pid: 1677], CPUburst: 54028
[   61.266185] [Pid: 1079], CPUburst: 987480
[   61.378663] [Pid: 10], CPUburst: 395670
[   61.455273] [Pid: 1677], CPUburst: 195446
[   61.582304] [Pid: 1781], CPUburst: 499054
[   61.699668] [Pid: 1268], CPUburst: 33840
[   61.861980] [Pid: 1677], CPUburst: 21443
[   62.503871] [Pid: 1677], CPUburst: 677374
[   62.744154] [Pid: 1677], CPUburst: 14122
[   62.764099] [Pid: 1677], CPUburst: 3638
[   62.855069] [Pid: 1781], CPUburst: 109791
[   62.902518] [Pid: 1268], CPUburst: 2529
[   63.016428] [Pid: 1677], CPUburst: 44502
[   63.020701] [Pid: 1677], CPUburst: 9130
[   63.037757] [Pid: 1677], CPUburst: 144481
[   63.075989] [Pid: 251], CPUburst: 11905
[   63.290984] [Pid: 1781], CPUburst: 36633
[   63.379286] [Pid: 1268], CPUburst: 2286
[   63.481945] [Pid: 1677], CPUburst: 46698
[   63.688124] [Pid: 1781], CPUburst: 19408
[   63.855426] [Pid: 1677], CPUburst: 1507400
[   64.141744] [Pid: 1677], CPUburst: 30951
[   64.145670] [Pid: 1268], CPUburst: 7795
[   64.188845] [Pid: 1677], CPUburst: 903809
[   64.198080] [Pid: 1677], CPUburst: 15839
[   64.300157] [Pid: 1268], CPUburst: 3159
[   64.647891] [Pid: 1268], CPUburst: 73222
[   64.772345] [Pid: 1781], CPUburst: 20221
[   64.791956] [Pid: 1781], CPUburst: 48162
[   64.908603] [Pid: 1079], CPUburst: 127088
[   64.941383] [Pid: 1268], CPUburst: 715876
[   65.381387] [Pid: 1677], CPUburst: 2601843
[   65.834273] [Pid: 1872], CPUburst: 53731
[   66.281388] [Pid: 1677], CPUburst: 8002
[   66.446225] [Pid: 1677], CPUburst: 156743
[   66.708277] [Pid: 1677], CPUburst: 102136
[   66.923621] [Pid: 1079], CPUburst: 32470
[   66.973720] [Pid: 1677], CPUburst: 1121802
[   66.979813] [Pid: 1268], CPUburst: 967704
[   67.033818] [Pid: 1741], CPUburst: 121597
[   67.266005] [Pid: 1677], CPUburst: 81392
[   67.366875] [Pid: 1268], CPUburst: 4697
[   67.396704] [Pid: 1677], CPUburst: 22716
[   67.461310] [Pid: 1677], CPUburst: 28228
[   67.478578] [Pid: 1079], CPUburst: 15747
[   68.380869] [Pid: 1872], CPUburst: 28204
[   68.407435] [Pid: 1872], CPUburst: 328732
[   68.502709] [Pid: 1268], CPUburst: 389514
[   68.695626] [Pid: 1268], CPUburst: 3530
[   68.726806] [Pid: 10], CPUburst: 10513
[   68.727884] [Pid: 1268], CPUburst: 26665
[   69.734017] [Pid: 1677], CPUburst: 310405
[   69.917432] [Pid: 1781], CPUburst: 831206
[   70.096791] [Pid: 1677], CPUburst: 46154
[   70.643586] [Pid: 1872], CPUburst: 5061
[   70.710716] [Pid: 1268], CPUburst: 2212
[   70.756447] [Pid: 1677], CPUburst: 46387
[   70.990604] [Pid: 1268], CPUburst: 215163
[   71.667746] [Pid: 1677], CPUburst: 49867
[   71.735471] [Pid: 1079], CPUburst: 1488080
[   72.081380] [Pid: 1268], CPUburst: 5944
[   72.310373] [Pid: 1781], CPUburst: 51346
[   72.473167] [Pid: 1677], CPUburst: 174744
[   72.845198] [Pid: 1872], CPUburst: 54285
[   73.608887] [Pid: 1872], CPUburst: 35781
[   73.644776] [Pid: 1268], CPUburst: 44332
[   73.754083] [Pid: 1677], CPUburst: 30623
[   73.976623] [Pid: 1677], CPUburst: 15993
[   74.032818] [Pid: 1781], CPUburst: 165079
[   74.089434] [Pid: 1677], CPUburst: 75770
[   74.327075] [Pid: 1214], CPUburst: 32450
[   74.426989] [Pid: 1677], CPUburst: 192981
[   74.782952] [Pid: 1872], CPUburst: 119527
[   75.119970] [Pid: 1268], CPUburst: 647866
[   75.490899] [Pid: 1677], CPUburst: 24833
[   75.775167] [Pid: 1268], CPUburst: 12086
[   76.991205] [Pid: 1677], CPUburst: 81750
[   78.666371] [Pid: 1872], CPUburst: 64435
[   78.849534] [Pid: 1872], CPUburst: 116032
[   79.747722] [Pid: 1872], CPUburst: 7830
[   80.615319] [Pid: 1677], CPUburst: 39287
[   81.028090] [Pid: 1781], CPUburst: 88218
[   81.644829] [Pid: 1781], CPUburst: 234006
[   82.644409] [Pid: 1872], CPUburst: 65059
[   83.968586] [Pid: 1677], CPUburst: 62719
[   83.990748] [Pid: 1677], CPUburst: 117202
[   83.990858] [Pid: 10], CPUburst: 6759
[   84.223066] [Pid: 249], CPUburst: 9235
[   84.331112] [Pid: 1079], CPUburst: 31845
[   84.342002] [Pid: 300], CPUburst: 11523
[   85.460116] [Pid: 1781], CPUburst: 7905
[   85.470990] [Pid: 1677], CPUburst: 24518
[   85.521486] [Pid: 1872], CPUburst: 12141
[   86.749712] [Pid: 2000], CPUburst: 25308126
[   87.164994] [Pid: 250], CPUburst: 38192
[   88.325528] [Pid: 2015], CPUburst: 626559
[   90.118643] [Pid: 1677], CPUburst: 31847
[   90.403553] [Pid: 1781], CPUburst: 60902
[   90.683341] [Pid: 249], CPUburst: 51047
[   91.073262] [Pid: 1781], CPUburst: 247441
[   91.480437] [Pid: 1677], CPUburst: 99165
[   92.758280] [Pid: 1872], CPUburst: 4102
[   93.682577] [Pid: 630], CPUburst: 76601
[   93.719596] [Pid: 300], CPUburst: 8321
[   93.950765] [Pid: 250], CPUburst: 7888
[   94.170785] [Pid: 1268], CPUburst: 112462
[   94.234861] [Pid: 640], CPUburst: 17776
[   94.339010] [Pid: 9], CPUburst: 17009
[   94.480765] [Pid: 640], CPUburst: 142785
[   94.485924] [Pid: 1677], CPUburst: 36629
[   95.169971] [Pid: 2000], CPUburst: 49465
[   95.533160] [Pid: 10], CPUburst: 23097
[   95.555732] [Pid: 1677], CPUburst: 60411
[   95.599682] [Pid: 640], CPUburst: 22300
[   95.933993] [Pid: 1781], CPUburst: 11928
[   96.059394] [Pid: 1677], CPUburst: 19707
[   96.744157] [Pid: 1781], CPUburst: 175382
[   97.023589] [Pid: 1872], CPUburst: 25944
[   98.109652] [Pid: 1677], CPUburst: 30169
[   98.853617] [Pid: 640], CPUburst: 27104
[   99.008317] [Pid: 2015], CPUburst: 164469
[  100.242040] [Pid: 640], CPUburst: 21987
[  101.266699] [Pid: 249], CPUburst: 6345
[  101.475255] [Pid: 1677], CPUburst: 53581
[  101.689476] [Pid: 251], CPUburst: 3601
[  101.996958] [Pid: 1781], CPUburst: 530144
[  102.087652] [Pid: 250], CPUburst: 6627
[  102.441033] [Pid: 1214], CPUburst: 7556
[  102.467282] [Pid: 1391], CPUburst: 160919
[  102.622617] [Pid: 300], CPUburst: 12811
[  104.357223] [Pid: 1872], CPUburst: 2411
[  104.864364] [Pid: 1872], CPUburst: 10860
[  105.004274] [Pid: 1677], CPUburst: 42327
[  105.055506] [Pid: 1781], CPUburst: 46451
[  105.264818] [Pid: 2000], CPUburst: 36252
[  106.026011] [Pid: 1872], CPUburst: 55238
[  106.592075] [Pid: 10], CPUburst: 39240
[  106.610049] [Pid: 1677], CPUburst: 45100
[  107.955488] [Pid: 1677], CPUburst: 9053
[  107.999926] [Pid: 1268], CPUburst: 628908
[  108.533568] [Pid: 1781], CPUburst: 34323
[  109.128715] [Pid: 1391], CPUburst: 33706
[  109.874970] [Pid: 1872], CPUburst: 39534
[  109.877119] [Pid: 1391], CPUburst: 2464
[  111.120687] [Pid: 640], CPUburst: 15593
[  111.195205] [Pid: 1677], CPUburst: 10329
[  111.470206] [Pid: 1872], CPUburst: 61473
[  111.781169] [Pid: 2000], CPUburst: 1887
[  111.946987] [Pid: 249], CPUburst: 16029
[  112.008364] [Pid: 1781], CPUburst: 42892
[  112.820971] [Pid: 1677], CPUburst: 9754
[  114.071109] [Pid: 2000], CPUburst: 9278
[  114.071599] [Pid: 2000], CPUburst: 6273
[  114.429750] [Pid: 1781], CPUburst: 172763
[  114.449389] [Pid: 1268], CPUburst: 29045
[  115.585442] [Pid: 1677], CPUburst: 41704
[  115.759361] [Pid: 1677], CPUburst: 97389
[  117.300820] [Pid: 1781], CPUburst: 4159
[  118.557993] [Pid: 1872], CPUburst: 53521
[  119.019730] [Pid: 1677], CPUburst: 942850
[  119.036832] [Pid: 1781], CPUburst: 54141
[  119.207812] [Pid: 1872], CPUburst: 7796
[  119.392733] [Pid: 1079], CPUburst: 107026
[  119.976695] [Pid: 1781], CPUburst: 28798
[  120.297287] [Pid: 1677], CPUburst: 26399
[  122.993868] [Pid: 1677], CPUburst: 11212
[  123.171031] [Pid: 1872], CPUburst: 69537
[  123.250945] [Pid: 1677], CPUburst: 95782
[  124.883419] [Pid: 1872], CPUburst: 3493
[  126.060931] [Pid: 1781], CPUburst: 28645
[  126.543652] [Pid: 1677], CPUburst: 54320
[  128.281595] [Pid: 1741], CPUburst: 1484
[  128.401369] [Pid: 1214], CPUburst: 47126
[  128.832784] [Pid: 1781], CPUburst: 256871
[  130.208856] [Pid: 1872], CPUburst: 192454
[  131.686263] [Pid: 1677], CPUburst: 66143
[  131.725375] [Pid: 1677], CPUburst: 31284
[  131.853827] [Pid: 1872], CPUburst: 5677
[  131.989120] [Pid: 1677], CPUburst: 346541
[  131.989587] [Pid: 1677], CPUburst: 35555
[  133.172586] [Pid: 1781], CPUburst: 78279
[  133.752836] [Pid: 1872], CPUburst: 29912
[  134.916141] [Pid: 1781], CPUburst: 39039
[  135.125929] [Pid: 1677], CPUburst: 128139
[  136.938570] [Pid: 1677], CPUburst: 31566
[  137.946817] [Pid: 1872], CPUburst: 22927
[  138.045734] [Pid: 1268], CPUburst: 835756
[  138.225853] [Pid: 1268], CPUburst: 372202
[  139.812037] [Pid: 1872], CPUburst: 11150
[  140.487381] [Pid: 1781], CPUburst: 73310
[  140.491232] [Pid: 647], CPUburst: 97841
[  140.806643] [Pid: 1677], CPUburst: 77880
[  141.203635] [Pid: 1677], CPUburst: 44784
[  141.556541] [Pid: 1677], CPUburst: 60117
[  143.532337] [Pid: 1781], CPUburst: 77944
[  143.540344] [Pid: 1872], CPUburst: 37524
[  143.573335] [Pid: 10], CPUburst: 9503
[  143.914763] [Pid: 1781], CPUburst: 61301
[  144.529683] [Pid: 650], CPUburst: 51514
[  144.799032] [Pid: 1872], CPUburst: 6169
[  144.826502] [Pid: 251], CPUburst: 8110
[  147.251763] [Pid: 1677], CPUburst: 8734
[  148.878738] [Pid: 1872], CPUburst: 240906
[  150.019977] [Pid: 1781], CPUburst: 46995
[  150.164318] [Pid: 1677], CPUburst: 68498
[  150.620450] [Pid: 1781], CPUburst: 140353
[  152.149433] [Pid: 1872], CPUburst: 7811
[  153.066733] [Pid: 1677], CPUburst: 90169
[  154.420094] [Pid: 1677], CPUburst: 694310
[  156.757574] [Pid: 1214], CPUburst: 64362
[  157.515561] [Pid: 1872], CPUburst: 2237
[  157.584792] [Pid: 1677], CPUburst: 141304
[  157.605329] [Pid: 1781], CPUburst: 37517
[  158.587249] [Pid: 1872], CPUburst: 50750
[  159.047396] [Pid: 1079], CPUburst: 52923
[  159.089978] [Pid: 1781], CPUburst: 397195
[  159.344606] [Pid: 1677], CPUburst: 120745
[  161.422939] [Pid: 1677], CPUburst: 84226
[  161.575885] [Pid: 1677], CPUburst: 115525
[  162.695075] [Pid: 1872], CPUburst: 167812
[  163.526457] [Pid: 1872], CPUburst: 1443
[  164.611953] [Pid: 1872], CPUburst: 3873
[  164.997742] [Pid: 1781], CPUburst: 88935
[  165.812997] [Pid: 1677], CPUburst: 60297
[  166.909782] [Pid: 1872], CPUburst: 25024
[  169.227407] [Pid: 1872], CPUburst: 3992
[  169.783680] [Pid: 1781], CPUburst: 4938
[  171.006482] [Pid: 1677], CPUburst: 53481
[  171.164720] [Pid: 1872], CPUburst: 8053
[  171.166902] [Pid: 1677], CPUburst: 19418
[  171.434145] [Pid: 1677], CPUburst: 285928
[  172.409088] [Pid: 1781], CPUburst: 3819
[  174.104870] [Pid: 1781], CPUburst: 62484
[  174.899838] [Pid: 1872], CPUburst: 62118
[  176.146630] [Pid: 1677], CPUburst: 59402
[  177.884956] [Pid: 1872], CPUburst: 2559
[  178.678543] [Pid: 1781], CPUburst: 1780
[  179.321680] [Pid: 1872], CPUburst: 3950
[  180.038202] [Pid: 1677], CPUburst: 63685
[  180.139855] [Pid: 1781], CPUburst: 43448
[  181.534345] [Pid: 1872], CPUburst: 63695
[  182.181590] [Pid: 1677], CPUburst: 15033
[  182.282981] [Pid: 1677], CPUburst: 77196
[  182.384502] [Pid: 1677], CPUburst: 936111
[  184.056459] [Pid: 1872], CPUburst: 7794
[  184.438806] [Pid: 1214], CPUburst: 37960
[  184.939955] [Pid: 676], CPUburst: 47022
[  185.714400] [Pid: 1781], CPUburst: 688946
[  187.368017] [Pid: 1872], CPUburst: 42053
[  187.660352] [Pid: 1677], CPUburst: 1771
[  188.943208] [Pid: 1781], CPUburst: 5924
[  189.233682] [Pid: 1677], CPUburst: 26240
[  190.007394] [Pid: 1872], CPUburst: 63722
[  190.852532] [Pid: 1872], CPUburst: 58025
[  192.212487] [Pid: 1268], CPUburst: 1624183
[  192.700970] [Pid: 1677], CPUburst: 57144
[  192.749557] [Pid: 1677], CPUburst: 19119
[  192.837823] [Pid: 1781], CPUburst: 205970
[  194.025771] [Pid: 1872], CPUburst: 1373
[  194.924202] [Pid: 1781], CPUburst: 8775
[  195.436475] [Pid: 1079], CPUburst: 55346
[  196.700584] [Pid: 1677], CPUburst: 38211
[  196.961812] [Pid: 1872], CPUburst: 71592
[  197.068847] [Pid: 1677], CPUburst: 11492
[  198.211844] [Pid: 1268], CPUburst: 3934
[  198.953783] [Pid: 10], CPUburst: 8014
[  199.982231] [Pid: 1781], CPUburst: 26255
[  200.017685] [Pid: 1677], CPUburst: 67629
[  200.835875] [Pid: 1781], CPUburst: 85112
[  200.955442] [Pid: 1677], CPUburst: 31795
[  201.114203] [Pid: 1677], CPUburst: 36127
[  201.286700] [Pid: 1781], CPUburst: 45252
[  202.583885] [Pid: 1677], CPUburst: 16097
[  203.920655] [Pid: 1872], CPUburst: 2196
[  204.205524] [Pid: 1677], CPUburst: 37903
[  204.992811] [Pid: 1872], CPUburst: 2760
[  206.868845] [Pid: 1677], CPUburst: 55024
[  208.107605] [Pid: 1872], CPUburst: 2098
[  209.254399] [Pid: 1872], CPUburst: 3912
[  209.990887] [Pid: 1677], CPUburst: 28456
[  210.307947] [Pid: 1781], CPUburst: 60024
[  210.429843] [Pid: 1677], CPUburst: 19435
[  210.460158] [Pid: 1781], CPUburst: 2247061
[  211.770497] [Pid: 1214], CPUburst: 31086
[  213.458455] [Pid: 1268], CPUburst: 6367
[  213.938014] [Pid: 1677], CPUburst: 6296
[  214.018240] [Pid: 1872], CPUburst: 62084
[  215.026959] [Pid: 1872], CPUburst: 11195
[  216.293702] [Pid: 1781], CPUburst: 4493219
[  216.804598] [Pid: 1781], CPUburst: 7380
[  217.325347] [Pid: 1677], CPUburst: 214880
[  217.504045] [Pid: 1872], CPUburst: 3875
[  218.930126] [Pid: 1677], CPUburst: 23731
[  219.062270] [Pid: 1872], CPUburst: 8861
[  219.292645] [Pid: 1677], CPUburst: 51469
[  219.401133] [Pid: 1677], CPUburst: 56876
[  220.260285] [Pid: 1872], CPUburst: 46271
[  222.837956] [Pid: 1781], CPUburst: 154128
[  224.247436] [Pid: 1872], CPUburst: 1929
[  224.313116] [Pid: 1781], CPUburst: 63943
[  224.649474] [Pid: 1677], CPUburst: 132007
[  225.376896] [Pid: 1677], CPUburst: 53302
[  226.463895] [Pid: 1781], CPUburst: 6340
[  227.625515] [Pid: 1872], CPUburst: 14885
[  230.943200] [Pid: 1268], CPUburst: 422810
[  230.947669] [Pid: 308], CPUburst: 145786
[  230.959771] [Pid: 1781], CPUburst: 5024
[  231.090949] [Pid: 1677], CPUburst: 53875
[  231.442876] [Pid: 1781], CPUburst: 41726
[  231.492742] [Pid: 1677], CPUburst: 28611
[  231.656850] [Pid: 1079], CPUburst: 211445
[  231.699516] [Pid: 1677], CPUburst: 84082
[  232.152488] [Pid: 1872], CPUburst: 186744
[  235.560263] [Pid: 1872], CPUburst: 5313
[  237.110110] [Pid: 1677], CPUburst: 47674
[  238.181974] [Pid: 1872], CPUburst: 1602
[  238.469785] [Pid: 1677], CPUburst: 62284
[  238.721582] [Pid: 1781], CPUburst: 172200
[  239.576338] [Pid: 1677], CPUburst: 36516
[  240.141221] [Pid: 1781], CPUburst: 56907
[  241.557728] [Pid: 1872], CPUburst: 3700
[  242.623188] [Pid: 1214], CPUburst: 31417
[  242.806959] [Pid: 1677], CPUburst: 45208
[  245.457359] [Pid: 1677], CPUburst: 955173
[  247.294868] [Pid: 1677], CPUburst: 82205
[  247.727488] [Pid: 1781], CPUburst: 62490
[  248.671161] [Pid: 1872], CPUburst: 1490
[  248.732736] [Pid: 1781], CPUburst: 66305
[  249.085238] [Pid: 1677], CPUburst: 28561
[  250.265295] [Pid: 1872], CPUburst: 7762
[  252.145550] [Pid: 1677], CPUburst: 202215
[  252.993469] [Pid: 1677], CPUburst: 122019
[  255.178774] [Pid: 1268], CPUburst: 1589556
[  255.832637] [Pid: 1872], CPUburst: 76536
[  256.050273] [Pid: 1781], CPUburst: 202998
[  256.274560] [Pid: 1677], CPUburst: 38839
[  256.471629] [Pid: 1781], CPUburst: 102282
[  256.551818] [Pid: 1872], CPUburst: 33207
[  257.920716] [Pid: 1781], CPUburst: 1900
[  257.949291] [Pid: 1872], CPUburst: 3702
[  258.001524] [Pid: 1677], CPUburst: 41717
[  258.127429] [Pid: 1677], CPUburst: 255551
[  261.018853] [Pid: 10], CPUburst: 6775
[  263.255891] [Pid: 1677], CPUburst: 50721
[  263.791571] [Pid: 1781], CPUburst: 182061
[  263.791724] [Pid: 1781], CPUburst: 11912
[  265.859345] [Pid: 1872], CPUburst: 2285
[  265.997936] [Pid: 1872], CPUburst: 7739
[  266.492618] [Pid: 1677], CPUburst: 12560
[  267.281501] [Pid: 1677], CPUburst: 71615
[  272.444687] [Pid: 1214], CPUburst: 67745
[  273.066570] [Pid: 1677], CPUburst: 1075659
[  273.121953] [Pid: 1781], CPUburst: 251403
[  273.151478] [Pid: 1781], CPUburst: 7835
[  273.487806] [Pid: 1677], CPUburst: 76658
[  273.629194] [Pid: 1677], CPUburst: 120326
[  273.771272] [Pid: 1872], CPUburst: 13626
[  274.108050] [Pid: 1872], CPUburst: 4070
[  274.691857] [Pid: 1677], CPUburst: 26659
[  277.030370] [Pid: 1781], CPUburst: 80267
[  277.063547] [Pid: 1677], CPUburst: 79052
[  277.456680] [Pid: 1781], CPUburst: 51232
[  279.137307] [Pid: 1079], CPUburst: 339142
[  279.216035] [Pid: 1268], CPUburst: 787574
[  279.282640] [Pid: 1677], CPUburst: 33437
[  281.632257] [Pid: 1872], CPUburst: 6185
[  282.507341] [Pid: 1781], CPUburst: 12278
[  283.991053] [Pid: 1677], CPUburst: 31440
[  284.041485] [Pid: 1872], CPUburst: 1743
[  284.081679] [Pid: 1677], CPUburst: 1508
[  284.164941] [Pid: 1677], CPUburst: 288031
[  284.379298] [Pid: 1781], CPUburst: 86489
[  285.091311] [Pid: 1268], CPUburst: 3535
[  285.103565] [Pid: 1781], CPUburst: 34161
[  287.805843] [Pid: 1872], CPUburst: 52191
[  288.716599] [Pid: 1872], CPUburst: 11879
[  290.012453] [Pid: 1677], CPUburst: 71911
[  291.779644] [Pid: 1872], CPUburst: 141342
[  293.288544] [Pid: 1781], CPUburst: 77508
[  294.280419] [Pid: 1781], CPUburst: 51847
[  294.534027] [Pid: 1677], CPUburst: 30171
[  294.611585] [Pid: 1677], CPUburst: 40706
[  294.846496] [Pid: 1677], CPUburst: 3161
[  295.032810] [Pid: 1872], CPUburst: 9908
[  296.532937] [Pid: 1872], CPUburst: 25085
[  297.027371] [Pid: 1677], CPUburst: 46887
[  299.514882] [Pid: 1781], CPUburst: 1877
[  300.893113] [Pid: 1677], CPUburst: 60745
[  301.512714] [Pid: 1781], CPUburst: 42101
[  301.641215] [Pid: 1214], CPUburst: 24352
[  301.899941] [Pid: 1872], CPUburst: 63133
[  302.768770] [Pid: 1677], CPUburst: 18215
[  304.992475] [Pid: 1872], CPUburst: 4145
[  305.972881] [Pid: 48], CPUburst: 11392
[  306.073493] [Pid: 1677], CPUburst: 37672
[  307.307267] [Pid: 1872], CPUburst: 70189
[  308.921408] [Pid: 1781], CPUburst: 87254
[  309.160492] [Pid: 1781], CPUburst: 42178
[  309.535391] [Pid: 1677], CPUburst: 62109
[  309.981335] [Pid: 250], CPUburst: 15499
[  310.164940] [Pid: 1781], CPUburst: 2731
[  310.656849] [Pid: 1872], CPUburst: 2738
[  313.922458] [Pid: 1677], CPUburst: 40159
[  314.268034] [Pid: 1677], CPUburst: 22204
[  314.972756] [Pid: 1872], CPUburst: 7720
[  315.197139] [Pid: 1079], CPUburst: 118504
[  315.248441] [Pid: 1268], CPUburst: 1822910
[  318.318440] [Pid: 49], CPUburst: 235386
[  318.323545] [Pid: 1677], CPUburst: 78579
[  319.055034] [Pid: 1781], CPUburst: 166398
[  319.372821] [Pid: 1781], CPUburst: 55355
[  319.429199] [Pid: 1677], CPUburst: 26137
[  321.069682] [Pid: 16], CPUburst: 4758
[  321.072416] [Pid: 1872], CPUburst: 55116
[  323.754521] [Pid: 1677], CPUburst: 11644
[  324.238674] [Pid: 1677], CPUburst: 4078
[  324.318969] [Pid: 1677], CPUburst: 19341
[  324.470465] [Pid: 1872], CPUburst: 38827
[  324.598110] [Pid: 10], CPUburst: 58606
[  325.894000] [Pid: 1872], CPUburst: 10917
[  327.081688] [Pid: 1677], CPUburst: 773924
[  327.978620] [Pid: 12], CPUburst: 864320
[  329.378733] [Pid: 1781], CPUburst: 59852
[  329.554374] [Pid: 1781], CPUburst: 17152
[  330.053944] [Pid: 1677], CPUburst: 22994
[  330.060165] [Pid: 1872], CPUburst: 2137
[  332.144377] [Pid: 1872], CPUburst: 13177
[  334.154243] [Pid: 1214], CPUburst: 34512
[  334.462670] [Pid: 1677], CPUburst: 19875
[  335.238450] [Pid: 1872], CPUburst: 50649
[  336.045662] [Pid: 1781], CPUburst: 191889
[  336.562259] [Pid: 1781], CPUburst: 13266
[  336.571610] [Pid: 1781], CPUburst: 95815
[  336.869561] [Pid: 1677], CPUburst: 80946
[  337.731626] [Pid: 1872], CPUburst: 10263
[  339.044630] [Pid: 1781], CPUburst: 15648
[  339.244475] [Pid: 1677], CPUburst: 63276
[  341.865278] [Pid: 1872], CPUburst: 116506
[  342.175596] [Pid: 1781], CPUburst: 4929
[  342.224973] [Pid: 1268], CPUburst: 1133691
[  343.539346] [Pid: 1781], CPUburst: 11508
[  343.550559] [Pid: 1677], CPUburst: 81150
[  345.219523] [Pid: 1268], CPUburst: 7587
[  345.291974] [Pid: 1677], CPUburst: 69862
[  345.473576] [Pid: 1677], CPUburst: 99637
[  346.149938] [Pid: 1872], CPUburst: 49787
[  347.119326] [Pid: 1781], CPUburst: 193870
[  348.143327] [Pid: 1677], CPUburst: 1898
[  348.176750] [Pid: 1781], CPUburst: 63645
[  348.489309] [Pid: 1079], CPUburst: 12215
[  349.859999] [Pid: 1872], CPUburst: 108939
[  350.586982] [Pid: 1677], CPUburst: 791912
[  351.098464] [Pid: 1872], CPUburst: 27508
[  354.021340] [Pid: 1872], CPUburst: 118639
[  354.124497] [Pid: 1781], CPUburst: 58884
[  354.316312] [Pid: 1677], CPUburst: 54830
[  354.560555] [Pid: 1741], CPUburst: 54230
[  355.609403] [Pid: 1872], CPUburst: 8894
[  356.816988] [Pid: 1677], CPUburst: 21219
[  356.911543] [Pid: 1872], CPUburst: 57217
[  357.384663] [Pid: 1781], CPUburst: 66716
[  357.916551] [Pid: 1677], CPUburst: 91206
[  359.130036] [Pid: 1872], CPUburst: 51005
[  360.203703] [Pid: 1677], CPUburst: 6907
[  360.288251] [Pid: 1872], CPUburst: 3810
[  361.156778] [Pid: 1677], CPUburst: 10267
[  361.340695] [Pid: 1781], CPUburst: 150041
[  362.278182] [Pid: 1214], CPUburst: 36088
[  363.549176] [Pid: 1781], CPUburst: 60816
[  363.709249] [Pid: 1872], CPUburst: 162058
[  364.082131] [Pid: 1781], CPUburst: 3595
[  364.735920] [Pid: 1677], CPUburst: 57577
[  364.779151] [Pid: 1677], CPUburst: 13308
[  364.802373] [Pid: 1677], CPUburst: 23737
[  365.687777] [Pid: 1872], CPUburst: 11526
[  366.622255] [Pid: 1268], CPUburst: 236018
[  367.717860] [Pid: 1781], CPUburst: 2668
[  368.979274] [Pid: 1268], CPUburst: 11246
[  368.996365] [Pid: 26], CPUburst: 5483
[  369.056079] [Pid: 1268], CPUburst: 38751
[  369.085640] [Pid: 1677], CPUburst: 39158
[  369.211689] [Pid: 249], CPUburst: 19183
[  369.219131] [Pid: 1268], CPUburst: 6242
[  369.279909] [Pid: 1268], CPUburst: 9808
[  369.333900] [Pid: 1781], CPUburst: 38947
[  369.349848] [Pid: 1677], CPUburst: 75900
[  369.447829] [Pid: 1268], CPUburst: 6688
[  369.550098] [Pid: 1268], CPUburst: 4406
[  369.559739] [Pid: 251], CPUburst: 15670
[  369.603820] [Pid: 300], CPUburst: 14868
[  369.675571] [Pid: 1268], CPUburst: 10644
[  369.771701] [Pid: 1268], CPUburst: 19785
[  369.863138] [Pid: 1268], CPUburst: 22526
[  369.943177] [Pid: 1872], CPUburst: 265908
[  370.022775] [Pid: 1268], CPUburst: 79757
[  370.155689] [Pid: 1268], CPUburst: 6028
[  370.207639] [Pid: 1268], CPUburst: 20557
[  370.302823] [Pid: 1268], CPUburst: 53887
[  370.413339] [Pid: 1268], CPUburst: 7118
[  370.527218] [Pid: 1268], CPUburst: 13889
[  370.589038] [Pid: 1268], CPUburst: 4866
[  370.667484] [Pid: 1268], CPUburst: 2722
[  370.793405] [Pid: 1268], CPUburst: 50821
[  370.845601] [Pid: 1268], CPUburst: 2889
[  371.466798] [Pid: 1268], CPUburst: 893038
[  372.603564] [Pid: 1781], CPUburst: 175200
[  374.161181] [Pid: 1677], CPUburst: 71917
[  374.774109] [Pid: 1872], CPUburst: 16408
[  375.306312] [Pid: 1677], CPUburst: 46394
[  378.003655] [Pid: 249], CPUburst: 11744
[  378.596724] [Pid: 1781], CPUburst: 126490
[  378.852103] [Pid: 10], CPUburst: 7323
[  380.347764] [Pid: 1872], CPUburst: 2539
[  381.229710] [Pid: 1872], CPUburst: 8090
[  381.481270] [Pid: 1677], CPUburst: 120218
[  381.832646] [Pid: 1677], CPUburst: 1932
[  382.102198] [Pid: 1677], CPUburst: 340522
[  382.858474] [Pid: 1677], CPUburst: 55426
[  384.250765] [Pid: 1781], CPUburst: 63449
[  384.758791] [Pid: 1872], CPUburst: 1477
[  384.938003] [Pid: 1781], CPUburst: 12195
[  385.690010] [Pid: 1872], CPUburst: 7758
[  385.794694] [Pid: 1872], CPUburst: 54662
[  385.873680] [Pid: 1677], CPUburst: 7598
[  388.132820] [Pid: 1872], CPUburst: 3921
[  389.055874] [Pid: 1079], CPUburst: 156786
[  389.083361] [Pid: 1214], CPUburst: 31249
[  389.172830] [Pid: 1781], CPUburst: 83849
[  389.905638] [Pid: 1781], CPUburst: 64128
[  390.527764] [Pid: 1781], CPUburst: 46113
[  390.645937] [Pid: 1677], CPUburst: 17784
[  391.118088] [Pid: 1872], CPUburst: 6449
[  392.745250] [Pid: 1677], CPUburst: 53269
[  393.366164] [Pid: 1677], CPUburst: 75998
[  393.482307] [Pid: 1677], CPUburst: 68291
[  396.147319] [Pid: 1781], CPUburst: 44629
[  398.209442] [Pid: 1872], CPUburst: 1650
[  398.606164] [Pid: 1677], CPUburst: 2579
[  399.317565] [Pid: 1872], CPUburst: 10780
[  399.682729] [Pid: 1781], CPUburst: 48368
[  402.794788] [Pid: 1872], CPUburst: 117470
[  403.012834] [Pid: 1677], CPUburst: 34862
[  403.319343] [Pid: 1677], CPUburst: 146901
[  403.584760] [Pid: 1677], CPUburst: 68021
[  403.950792] [Pid: 1872], CPUburst: 11359
[  405.136038] [Pid: 1781], CPUburst: 3471
[  406.969352] [Pid: 1781], CPUburst: 43433
[  407.422995] [Pid: 1872], CPUburst: 63446
[  408.827827] [Pid: 1872], CPUburst: 8910
[  408.935718] [Pid: 1677], CPUburst: 45870
[  410.336483] [Pid: 1677], CPUburst: 311074
[  411.570549] [Pid: 1677], CPUburst: 25832
[  412.043470] [Pid: 1872], CPUburst: 108859
[  413.259784] [Pid: 1781], CPUburst: 45494
[  416.094647] [Pid: 1872], CPUburst: 9765
[  417.246944] [Pid: 1781], CPUburst: 37072
[  417.461812] [Pid: 1677], CPUburst: 34095
[  418.145836] [Pid: 1781], CPUburst: 8423
[  418.271620] [Pid: 1872], CPUburst: 43683
[  420.440873] [Pid: 1872], CPUburst: 4500
[  421.470920] [Pid: 1677], CPUburst: 112269
[  421.530621] [Pid: 1214], CPUburst: 37395
[  421.576932] [Pid: 1677], CPUburst: 13824
[  422.395360] [Pid: 1872], CPUburst: 42047
[  422.420813] [Pid: 1872], CPUburst: 68853
[  423.236767] [Pid: 1781], CPUburst: 45428
[  424.683963] [Pid: 1781], CPUburst: 14900
[  424.696241] [Pid: 1677], CPUburst: 20201
[  426.367864] [Pid: 1872], CPUburst: 5279
[  426.477331] [Pid: 1677], CPUburst: 36575
[  427.932015] [Pid: 1677], CPUburst: 98971
[  427.973773] [Pid: 1872], CPUburst: 75827
[  428.161176] [Pid: 1677], CPUburst: 52020
[  428.329871] [Pid: 1781], CPUburst: 71220
[  429.602819] [Pid: 1677], CPUburst: 33798
[  431.827746] [Pid: 1079], CPUburst: 12398
[  432.250574] [Pid: 1781], CPUburst: 54899
[  432.311703] [Pid: 1677], CPUburst: 82703
[  433.454115] [Pid: 1872], CPUburst: 14228
[  435.281055] [Pid: 1781], CPUburst: 93268
[  435.324183] [Pid: 1677], CPUburst: 51858
[  437.110605] [Pid: 1872], CPUburst: 2256
[  438.361533] [Pid: 1677], CPUburst: 35241
[  438.722389] [Pid: 1677], CPUburst: 62286
[  438.972197] [Pid: 1268], CPUburst: 11309
[  439.468972] [Pid: 250], CPUburst: 14290
[  439.739923] [Pid: 300], CPUburst: 13733
[  439.836282] [Pid: 251], CPUburst: 4721
[  440.785292] [Pid: 1872], CPUburst: 9019
[  441.188175] [Pid: 1268], CPUburst: 922660
[  441.864938] [Pid: 1781], CPUburst: 128870
[  442.197497] [Pid: 1677], CPUburst: 33763
[  443.248392] [Pid: 1781], CPUburst: 334497
[  443.389727] [Pid: 1872], CPUburst: 181170
[  443.714037] [Pid: 1268], CPUburst: 24845
[  444.400934] [Pid: 1089], CPUburst: 56729
[  444.766682] [Pid: 1268], CPUburst: 2750054
[  444.774072] [Pid: 1268], CPUburst: 192822
[  444.897323] [Pid: 1677], CPUburst: 58884
[  445.219266] [Pid: 1872], CPUburst: 36421
[  445.402446] [Pid: 1079], CPUburst: 107420
[  446.042340] [Pid: 10], CPUburst: 39459
[  446.663533] [Pid: 1781], CPUburst: 8712
[  447.251679] [Pid: 1677], CPUburst: 29987
[  447.264984] [Pid: 1677], CPUburst: 46212
[  447.650976] [Pid: 1677], CPUburst: 18227
[  447.671769] [Pid: 1872], CPUburst: 12358
[  447.874460] [Pid: 1214], CPUburst: 32656
[  448.437215] [Pid: 1872], CPUburst: 7931
[  448.948596] [Pid: 1781], CPUburst: 28423
[  450.156136] [Pid: 1677], CPUburst: 56175
[  450.251920] [Pid: 1781], CPUburst: 22626
[  450.331301] [Pid: 1677], CPUburst: 592653
[  452.396798] [Pid: 1677], CPUburst: 54318
[  455.202667] [Pid: 1677], CPUburst: 20095
[  455.560583] [Pid: 1872], CPUburst: 2791
[  456.113981] [Pid: 1781], CPUburst: 38014
[  456.317751] [Pid: 1781], CPUburst: 171979
[  456.519548] [Pid: 1872], CPUburst: 249937
[  457.045142] [Pid: 1677], CPUburst: 59628
[  459.424424] [Pid: 1677], CPUburst: 101814
[  459.429448] [Pid: 1268], CPUburst: 860598
[  461.172570] [Pid: 1872], CPUburst: 8866
[  461.810891] [Pid: 1872], CPUburst: 1423
[  462.412712] [Pid: 1268], CPUburst: 2049
[  463.749039] [Pid: 1079], CPUburst: 63739
[  465.566649] [Pid: 1677], CPUburst: 47572
[  465.939269] [Pid: 1781], CPUburst: 2555
[  466.204159] [Pid: 1677], CPUburst: 33051
[  466.358781] [Pid: 1781], CPUburst: 39215
[  466.715982] [Pid: 1677], CPUburst: 363244
[  467.967720] [Pid: 1872], CPUburst: 4554
[  468.535375] [Pid: 1677], CPUburst: 55038
[  468.692159] [Pid: 1872], CPUburst: 6242
[  469.864457] [Pid: 1677], CPUburst: 9779
[  470.736415] [Pid: 1872], CPUburst: 48720
[  472.496029] [Pid: 1872], CPUburst: 13443
[  472.944651] [Pid: 1872], CPUburst: 125778
[  473.605205] [Pid: 1677], CPUburst: 94849
[  474.341686] [Pid: 1781], CPUburst: 14587
[  474.372925] [Pid: 1677], CPUburst: 16411
[  474.455296] [Pid: 1781], CPUburst: 102496
[  475.759142] [Pid: 1214], CPUburst: 40702
[  475.923348] [Pid: 1781], CPUburst: 2749
[  478.049261] [Pid: 1872], CPUburst: 3499
[  478.364711] [Pid: 1872], CPUburst: 2265
[  480.768023] [Pid: 1677], CPUburst: 40456
[  481.759308] [Pid: 1781], CPUburst: 90917
[  483.193931] [Pid: 1872], CPUburst: 7768
[  483.386794] [Pid: 1781], CPUburst: 29254
[  483.470266] [Pid: 1677], CPUburst: 40406
[  483.635293] [Pid: 1677], CPUburst: 22844
[  483.832125] [Pid: 1677], CPUburst: 37217
[  484.218600] [Pid: 1872], CPUburst: 551367
[  484.416868] [Pid: 1], CPUburst: 18979
[  484.561599] [Pid: 1079], CPUburst: 67145
[  484.857830] [Pid: 1677], CPUburst: 132778
[  485.013220] [Pid: 1079], CPUburst: 37547
[  485.435163] [Pid: 1872], CPUburst: 42839
[  485.439680] [Pid: 1268], CPUburst: 693742
[  485.452806] [Pid: 1677], CPUburst: 32764
[  485.519909] [Pid: 1268], CPUburst: 5066
[  485.671143] [Pid: 1677], CPUburst: 143402
[  485.704491] [Pid: 1079], CPUburst: 24756
[  485.955088] [Pid: 1872], CPUburst: 18237
[  486.142036] [Pid: 1268], CPUburst: 213507
[  486.872748] [Pid: 1677], CPUburst: 40160
[  487.032855] [Pid: 1079], CPUburst: 97114
[  487.094829] [Pid: 1268], CPUburst: 32063
[  487.388964] [Pid: 1872], CPUburst: 251999
[  487.442940] [Pid: 1677], CPUburst: 75693
[  487.601269] [Pid: 10], CPUburst: 50770
[  487.634273] [Pid: 1677], CPUburst: 46593
[  487.794827] [Pid: 1677], CPUburst: 79041
[  488.456049] [Pid: 1872], CPUburst: 22858
[  488.952284] [Pid: 50], CPUburst: 14375
[  489.030787] [Pid: 1677], CPUburst: 180127
[  489.443075] [Pid: 1872], CPUburst: 43318
[  489.483669] [Pid: 1677], CPUburst: 27302
[  489.589759] [Pid: 1781], CPUburst: 246934
[  489.741578] [Pid: 1079], CPUburst: 69017
[  489.790362] [Pid: 1268], CPUburst: 1602712
[  489.934922] [Pid: 1677], CPUburst: 64721
[  490.095136] [Pid: 1268], CPUburst: 567158
[  490.447686] [Pid: 1872], CPUburst: 175203
[  490.996872] [Pid: 1781], CPUburst: 19601
[  491.074389] [Pid: 1268], CPUburst: 117800
[  491.252934] [Pid: 1677], CPUburst: 86740
[  491.426930] [Pid: 1872], CPUburst: 1568
[  491.557162] [Pid: 1268], CPUburst: 41814
[  492.304218] [Pid: 1268], CPUburst: 71097
[  492.419177] [Pid: 1677], CPUburst: 7208954
[  493.385201] [Pid: 1079], CPUburst: 68804
[  493.406522] [Pid: 1872], CPUburst: 51693
[  493.653597] [Pid: 1268], CPUburst: 159881
[  493.815895] [Pid: 1872], CPUburst: 169984
[  494.073948] [Pid: 1677], CPUburst: 2955
[  494.156746] [Pid: 1268], CPUburst: 8558
[  494.167919] [Pid: 1677], CPUburst: 74373
[  494.242504] [Pid: 1677], CPUburst: 81091
[  494.307676] [Pid: 1677], CPUburst: 29109
[  494.835790] [Pid: 1677], CPUburst: 31101
[  495.070583] [Pid: 1268], CPUburst: 2162
[  495.150153] [Pid: 1268], CPUburst: 16609
[  495.431162] [Pid: 1079], CPUburst: 84254
[  495.473835] [Pid: 1781], CPUburst: 31500
[  496.853383] [Pid: 1268], CPUburst: 2223
[  496.972937] [Pid: 1872], CPUburst: 26797
[  496.993295] [Pid: 1677], CPUburst: 50382
[  497.041772] [Pid: 1268], CPUburst: 61720
[  497.044807] [Pid: 676], CPUburst: 10407
[  497.243795] [Pid: 1872], CPUburst: 3530
[  497.258325] [Pid: 1872], CPUburst: 93886
[  497.468133] [Pid: 10], CPUburst: 47183
[  497.555258] [Pid: 1268], CPUburst: 62367
[  497.925621] [Pid: 1079], CPUburst: 125768
[  497.955829] [Pid: 1677], CPUburst: 39445
[  498.390260] [Pid: 1677], CPUburst: 109986
[  498.455918] [Pid: 1872], CPUburst: 57127
[  498.530196] [Pid: 1677], CPUburst: 6101
[  498.885347] [Pid: 1268], CPUburst: 539212
[  498.917855] [Pid: 1872], CPUburst: 60540
[  498.965128] [Pid: 1872], CPUburst: 91154
[  499.144002] [Pid: 1677], CPUburst: 90819
[  499.642139] [Pid: 1872], CPUburst: 2679888
[  499.676385] [Pid: 1079], CPUburst: 93941
[  499.788002] [Pid: 1677], CPUburst: 83679
[  499.919966] [Pid: 1872], CPUburst: 218412
[  500.351406] [Pid: 1318], CPUburst: 826790
[  500.952771] [Pid: 1872], CPUburst: 2898
[  501.368618] [Pid: 1781], CPUburst: 42071
[  501.417418] [Pid: 1677], CPUburst: 76636
[  501.539256] [Pid: 1214], CPUburst: 41240
[  501.584336] [Pid: 1677], CPUburst: 64509
[  501.592021] [Pid: 1872], CPUburst: 5797
[  501.689333] [Pid: 1677], CPUburst: 60636
[  501.784292] [Pid: 1781], CPUburst: 33598
[  501.959385] [Pid: 1079], CPUburst: 53166
[  502.647032] [Pid: 1872], CPUburst: 118398
[  502.687449] [Pid: 1677], CPUburst: 110558
[  502.773545] [Pid: 1677], CPUburst: 47651
[  502.998711] [Pid: 1872], CPUburst: 34199
[  503.807992] [Pid: 1872], CPUburst: 14977
[  504.904394] [Pid: 1677], CPUburst: 51295
[  505.227198] [Pid: 1872], CPUburst: 39913
[  505.228180] [Pid: 1677], CPUburst: 42474
[  505.434706] [Pid: 1677], CPUburst: 1518218
[  505.799928] [Pid: 1872], CPUburst: 655299
[  506.364076] [Pid: 1268], CPUburst: 242951
[  506.651220] [Pid: 1079], CPUburst: 37985
[  507.055737] [Pid: 1872], CPUburst: 1482
[  507.141872] [Pid: 1872], CPUburst: 28680
[  507.911319] [Pid: 1677], CPUburst: 66994
[  508.304393] [Pid: 1872], CPUburst: 1985
[  508.595958] [Pid: 1677], CPUburst: 1000369
[  508.708578] [Pid: 1677], CPUburst: 65676
[  508.972618] [Pid: 1268], CPUburst: 2719801
[  509.311300] [Pid: 1872], CPUburst: 34854
[  510.472863] [Pid: 1781], CPUburst: 80187
[  510.478233] [Pid: 1781], CPUburst: 6042
[  510.647924] [Pid: 1781], CPUburst: 132784
[  510.857205] [Pid: 1677], CPUburst: 27134
[  511.937267] [Pid: 1677], CPUburst: 29849
[  512.096969] [Pid: 1872], CPUburst: 2018
[  512.511440] [Pid: 1872], CPUburst: 13408
[  512.941465] [Pid: 1677], CPUburst: 98857
[  514.717643] [Pid: 1318], CPUburst: 16137
[  515.608576] [Pid: 1741], CPUburst: 1390
[  515.638152] [Pid: 1677], CPUburst: 1645
[  515.759767] [Pid: 1872], CPUburst: 256789
[  516.025052] [Pid: 1872], CPUburst: 63161
[  516.459355] [Pid: 1268], CPUburst: 4305
[  516.532132] [Pid: 1677], CPUburst: 72587
[  516.547295] [Pid: 1079], CPUburst: 45462
[  516.673860] [Pid: 1677], CPUburst: 34003
[  516.791916] [Pid: 1677], CPUburst: 43729
[  518.548151] [Pid: 1872], CPUburst: 6998
[  518.893358] [Pid: 1872], CPUburst: 2295
[  518.907792] [Pid: 1872], CPUburst: 49064
[  519.128644] [Pid: 1781], CPUburst: 64840
[  519.334239] [Pid: 1781], CPUburst: 130216
[  519.637262] [Pid: 1677], CPUburst: 27464
[  520.445587] [Pid: 1268], CPUburst: 2492330
[  521.401074] [Pid: 1677], CPUburst: 72424
[  521.656769] [Pid: 10], CPUburst: 49874
[  521.962866] [Pid: 1268], CPUburst: 4818
[  522.595198] [Pid: 1677], CPUburst: 99141
[  522.659712] [Pid: 1872], CPUburst: 168356
[  522.680854] [Pid: 1677], CPUburst: 63364
[  524.389921] [Pid: 1872], CPUburst: 14191
[  525.420121] [Pid: 1677], CPUburst: 56081
[  525.958041] [Pid: 1677], CPUburst: 34501
[  526.281342] [Pid: 1079], CPUburst: 109597
[  526.330789] [Pid: 1872], CPUburst: 53761
[  526.401996] [Pid: 1872], CPUburst: 63919
[  527.011114] [Pid: 1677], CPUburst: 3035
[  527.201595] [Pid: 1268], CPUburst: 39977
[  527.337320] [Pid: 1268], CPUburst: 193014
[  527.629416] [Pid: 1677], CPUburst: 189258
[  528.035434] [Pid: 1677], CPUburst: 378291
[  528.041307] [Pid: 1079], CPUburst: 93182
[  528.432232] [Pid: 1677], CPUburst: 3463311
[  528.463551] [Pid: 1214], CPUburst: 37392
[  528.482223] [Pid: 1677], CPUburst: 22206
[  528.822033] [Pid: 1872], CPUburst: 3867
[  529.355382] [Pid: 1781], CPUburst: 39195
[  529.366942] [Pid: 1781], CPUburst: 78308
[  529.766826] [Pid: 1677], CPUburst: 147753
[  531.127039] [Pid: 1872], CPUburst: 90211
[  531.399464] [Pid: 1268], CPUburst: 4190
[  531.418147] [Pid: 1079], CPUburst: 44625
[  531.427049] [Pid: 1872], CPUburst: 7138877
[  531.442686] [Pid: 1872], CPUburst: 48979
[  531.492478] [Pid: 1677], CPUburst: 41876
[  531.628989] [Pid: 1677], CPUburst: 405029
[  531.929032] [Pid: 1677], CPUburst: 61715
[  531.975613] [Pid: 1677], CPUburst: 94400
[  533.462389] [Pid: 1872], CPUburst: 134960
[  533.774884] [Pid: 1677], CPUburst: 1862
[  535.244469] [Pid: 1872], CPUburst: 60729
[  535.589770] [Pid: 1872], CPUburst: 30220
[  535.848023] [Pid: 1677], CPUburst: 2236
[  536.126418] [Pid: 1079], CPUburst: 30517
[  536.189590] [Pid: 1872], CPUburst: 3164
[  536.846728] [Pid: 1781], CPUburst: 123666
[  537.366133] [Pid: 1781], CPUburst: 1999637
[  537.548175] [Pid: 1677], CPUburst: 46480
[  537.752916] [Pid: 1677], CPUburst: 36801
[  537.760782] [Pid: 1268], CPUburst: 40773
[  539.891949] [Pid: 1677], CPUburst: 36692
[  540.210246] [Pid: 1872], CPUburst: 18822924
[  540.598209] [Pid: 1872], CPUburst: 3853
[  540.677702] [Pid: 1079], CPUburst: 180387
[  540.701515] [Pid: 1], CPUburst: 10836
[  540.778467] [Pid: 1677], CPUburst: 99992
[  540.854421] [Pid: 1079], CPUburst: 26802
[  541.138631] [Pid: 1268], CPUburst: 3197668
[  543.463322] [Pid: 1677], CPUburst: 51885
[  545.674338] [Pid: 1872], CPUburst: 389728
[  546.702886] [Pid: 1677], CPUburst: 21967
[  546.720002] [Pid: 1079], CPUburst: 55332
[  546.963610] [Pid: 1781], CPUburst: 26337
[  547.040094] [Pid: 1268], CPUburst: 13423
[  547.210340] [Pid: 1781], CPUburst: 672254
[  547.221349] [Pid: 1872], CPUburst: 20946
[  547.310620] [Pid: 1872], CPUburst: 61800
[  547.364822] [Pid: 1677], CPUburst: 31772
[  547.494859] [Pid: 1677], CPUburst: 181201
[  547.627721] [Pid: 1781], CPUburst: 13828
[  547.630885] [Pid: 1677], CPUburst: 28354
[  547.860473] [Pid: 1268], CPUburst: 32300
[  547.899414] [Pid: 10], CPUburst: 8466
[  547.907557] [Pid: 1079], CPUburst: 52016
[  548.220186] [Pid: 1872], CPUburst: 248941
[  548.222991] [Pid: 308], CPUburst: 236272
[  548.597543] [Pid: 1268], CPUburst: 174043
[  548.656263] [Pid: 1677], CPUburst: 66843
[  549.009294] [Pid: 1079], CPUburst: 105771
[  549.358753] [Pid: 1268], CPUburst: 10090
[  549.374725] [Pid: 1432], CPUburst: 45979
[  549.517907] [Pid: 1677], CPUburst: 853686
[  549.599203] [Pid: 300], CPUburst: 7942
[  549.685878] [Pid: 1677], CPUburst: 92947
[  549.877575] [Pid: 1677], CPUburst: 40168
[  550.132618] [Pid: 1872], CPUburst: 489939
[  550.337007] [Pid: 1268], CPUburst: 44660
[  550.544741] [Pid: 55], CPUburst: 3601
[  550.574981] [Pid: 1677], CPUburst: 43218
[  550.756390] [Pid: 1079], CPUburst: 133611
[  551.148052] [Pid: 1268], CPUburst: 1803
[  551.188592] [Pid: 1872], CPUburst: 22596
[  551.374101] [Pid: 1677], CPUburst: 88775
[  551.438793] [Pid: 1268], CPUburst: 64878
[  551.489425] [Pid: 1268], CPUburst: 15734
[  551.731030] [Pid: 1079], CPUburst: 28023
[  551.764349] [Pid: 1872], CPUburst: 540516
[  551.874435] [Pid: 1268], CPUburst: 3357
[  551.891807] [Pid: 1677], CPUburst: 19316
[  552.190241] [Pid: 1268], CPUburst: 8147
[  552.467916] [Pid: 1268], CPUburst: 595722
[  552.471581] [Pid: 1677], CPUburst: 2096170
[  552.513765] [Pid: 1872], CPUburst: 1147505
[  553.072582] [Pid: 1079], CPUburst: 135586
[  553.124583] [Pid: 1677], CPUburst: 1265610
[  553.238295] [Pid: 1268], CPUburst: 51591
[  553.240818] [Pid: 647], CPUburst: 56691
[  553.564506] [Pid: 1677], CPUburst: 21455
[  553.721149] [Pid: 1677], CPUburst: 108480
[  553.752153] [Pid: 1677], CPUburst: 3049
[  553.814487] [Pid: 1677], CPUburst: 59843
[  554.067618] [Pid: 1268], CPUburst: 3426
[  554.201286] [Pid: 1268], CPUburst: 21276
[  554.366691] [Pid: 1268], CPUburst: 2706
[  554.567072] [Pid: 1079], CPUburst: 39666
[  554.640401] [Pid: 1872], CPUburst: 96924
[  554.763475] [Pid: 1872], CPUburst: 2306
[  554.853191] [Pid: 1268], CPUburst: 25432
[  554.935375] [Pid: 1214], CPUburst: 35779
[  554.969080] [Pid: 1268], CPUburst: 98523
[  555.105257] [Pid: 1677], CPUburst: 48680
[  555.149703] [Pid: 1268], CPUburst: 3613
[  555.300056] [Pid: 1677], CPUburst: 63927
[  555.323114] [Pid: 1677], CPUburst: 69828
[  555.407387] [Pid: 10], CPUburst: 8400
[  555.410308] [Pid: 1781], CPUburst: 224759
[  556.050511] [Pid: 1872], CPUburst: 3123
[  556.435097] [Pid: 1268], CPUburst: 45960
[  556.680173] [Pid: 1079], CPUburst: 1548261
[  556.903323] [Pid: 1268], CPUburst: 3596
[  557.007521] [Pid: 250], CPUburst: 11455
[  557.236306] [Pid: 1872], CPUburst: 29185
[  557.270036] [Pid: 1677], CPUburst: 28747
[  557.404283] [Pid: 1268], CPUburst: 4595
[  557.666236] [Pid: 1781], CPUburst: 81631
[  557.721808] [Pid: 1268], CPUburst: 114585
[  557.818951] [Pid: 249], CPUburst: 5172
[  557.937071] [Pid: 1677], CPUburst: 216101
[  557.964121] [Pid: 1872], CPUburst: 402856
[  558.419553] [Pid: 1677], CPUburst: 14861
[  558.639714] [Pid: 1872], CPUburst: 73128
[  558.720541] [Pid: 1079], CPUburst: 23337
[  558.751079] [Pid: 1872], CPUburst: 194148
[  558.814721] [Pid: 1268], CPUburst: 1530594
[  559.021983] [Pid: 1677], CPUburst: 758879
[  559.140478] [Pid: 1872], CPUburst: 63015
[  559.282809] [Pid: 1079], CPUburst: 1266495
[  559.285327] [Pid: 1268], CPUburst: 646655
[  559.375584] [Pid: 1268], CPUburst: 8983
[  559.434619] [Pid: 1677], CPUburst: 61639
[  559.540030] [Pid: 1872], CPUburst: 53639
[  559.873571] [Pid: 1872], CPUburst: 94607
[  559.877365] [Pid: 1677], CPUburst: 79857
[  560.236153] [Pid: 1268], CPUburst: 231507
[  560.262424] [Pid: 1079], CPUburst: 39771
[  560.391221] [Pid: 1677], CPUburst: 27063
[  560.862691] [Pid: 1781], CPUburst: 411683
[  560.989638] [Pid: 1677], CPUburst: 7986
[  561.350844] [Pid: 1677], CPUburst: 5744
[  561.485666] [Pid: 1677], CPUburst: 30967
[  562.057509] [Pid: 1268], CPUburst: 6347
[  562.323131] [Pid: 1872], CPUburst: 22919
[  562.480275] [Pid: 1268], CPUburst: 387612
[  562.728178] [Pid: 251], CPUburst: 3987
[  562.755148] [Pid: 1268], CPUburst: 5174
[  562.961099] [Pid: 1872], CPUburst: 75068
[  562.982411] [Pid: 2180], CPUburst: 144397
[  563.094831] [Pid: 1079], CPUburst: 66281
[  563.203239] [Pid: 21], CPUburst: 4229
[  563.302942] [Pid: 1677], CPUburst: 124551
[  563.347400] [Pid: 10], CPUburst: 7736
[  563.392350] [Pid: 1268], CPUburst: 7568
[  563.463906] [Pid: 1677], CPUburst: 50687
[  563.680807] [Pid: 1268], CPUburst: 58834
[  563.829445] [Pid: 1268], CPUburst: 6670
[  563.945476] [Pid: 1079], CPUburst: 433250
[  564.080670] [Pid: 1079], CPUburst: 146683
[  564.305014] [Pid: 1], CPUburst: 15668
[  564.397282] [Pid: 1268], CPUburst: 6924
[  564.453778] [Pid: 1268], CPUburst: 524503
[  564.555544] [Pid: 1872], CPUburst: 18906
[  564.700390] [Pid: 2180], CPUburst: 201080
[  564.984154] [Pid: 1268], CPUburst: 2507
[  565.648540] [Pid: 1268], CPUburst: 21695
[  566.833283] [Pid: 2180], CPUburst: 5154
[  566.882060] [Pid: 1079], CPUburst: 173709
[  567.332146] [Pid: 1872], CPUburst: 82536
[  567.718228] [Pid: 1781], CPUburst: 81599
[  567.890398] [Pid: 1677], CPUburst: 12421
[  568.278657] [Pid: 1677], CPUburst: 50706
[  568.855025] [Pid: 1677], CPUburst: 746972
[  569.751614] [Pid: 1677], CPUburst: 17187
[  569.922786] [Pid: 1079], CPUburst: 75263
[  570.039465] [Pid: 1872], CPUburst: 2981
[  570.082384] [Pid: 1872], CPUburst: 73815
[  570.257081] [Pid: 1872], CPUburst: 76656
[  570.579552] [Pid: 1781], CPUburst: 144319
[  570.691336] [Pid: 1496], CPUburst: 11400
[  570.726148] [Pid: 1268], CPUburst: 1576208
[  570.759071] [Pid: 1268], CPUburst: 20750
[  571.162796] [Pid: 1872], CPUburst: 77090
[  571.357421] [Pid: 2180], CPUburst: 229350
[  571.830554] [Pid: 1079], CPUburst: 794016
[  573.451710] [Pid: 1677], CPUburst: 54770
[  573.696303] [Pid: 1089], CPUburst: 88349
[  573.916513] [Pid: 1677], CPUburst: 60443
[  574.846908] [Pid: 1677], CPUburst: 238637
[  575.017100] [Pid: 1781], CPUburst: 47695
[  575.180266] [Pid: 1872], CPUburst: 8237
[  575.257702] [Pid: 1872], CPUburst: 451872
[  575.308859] [Pid: 1677], CPUburst: 40767
[  575.875015] [Pid: 1079], CPUburst: 29526
[  575.929673] [Pid: 1268], CPUburst: 25802
[  576.474734] [Pid: 1781], CPUburst: 43026
[  576.613561] [Pid: 1268], CPUburst: 63286
[  576.673482] [Pid: 10], CPUburst: 43416
[  577.004373] [Pid: 1677], CPUburst: 487355
[  577.178278] [Pid: 1808], CPUburst: 28102
[  577.715742] [Pid: 1079], CPUburst: 68410
[  578.338317] [Pid: 1677], CPUburst: 11563
[  578.557538] [Pid: 2180], CPUburst: 182270
[  578.628751] [Pid: 1677], CPUburst: 84092
[  579.163315] [Pid: 1741], CPUburst: 160145
[  579.449047] [Pid: 1079], CPUburst: 49724
[  579.511945] [Pid: 1079], CPUburst: 210921
[  579.526733] [Pid: 1268], CPUburst: 526424
[  579.685851] [Pid: 1], CPUburst: 10916
[  579.812247] [Pid: 1268], CPUburst: 56401
[  579.917808] [Pid: 1677], CPUburst: 478097
[  580.138794] [Pid: 1079], CPUburst: 115367
[  580.617030] [Pid: 1872], CPUburst: 126536
[  580.670074] [Pid: 1872], CPUburst: 11869
[  580.923076] [Pid: 1214], CPUburst: 31492
[  581.227622] [Pid: 1677], CPUburst: 169930
[  581.275667] [Pid: 1677], CPUburst: 61353
[  581.299474] [Pid: 1872], CPUburst: 58093
[  581.421958] [Pid: 1079], CPUburst: 42359
[  581.674424] [Pid: 1872], CPUburst: 75315
[  581.699482] [Pid: 1677], CPUburst: 39576
[  581.721028] [Pid: 1872], CPUburst: 61255
[  581.813220] [Pid: 1872], CPUburst: 7900
[  581.863586] [Pid: 1872], CPUburst: 21648
[  581.873483] [Pid: 1872], CPUburst: 36315
[  581.873619] [Pid: 1872], CPUburst: 4557
[  581.879494] [Pid: 1872], CPUburst: 11459
[  581.887487] [Pid: 1268], CPUburst: 654807
[  581.923069] [Pid: 1872], CPUburst: 58256
[  581.941652] [Pid: 1268], CPUburst: 124847
[  582.739331] [Pid: 1079], CPUburst: 32325
[  582.891410] [Pid: 1677], CPUburst: 102708
[  583.000012] [Pid: 1302], CPUburst: 57647
[  583.182153] [Pid: 1677], CPUburst: 149423
[  583.196757] [Pid: 1268], CPUburst: 1426502
[  583.198613] [Pid: 1872], CPUburst: 71674
[  583.244828] [Pid: 1268], CPUburst: 28820
[  583.385891] [Pid: 1872], CPUburst: 43856
[  583.485945] [Pid: 1872], CPUburst: 110917
[  583.615843] [Pid: 1079], CPUburst: 20611
[  583.694957] [Pid: 1677], CPUburst: 124398
[  583.714098] [Pid: 1268], CPUburst: 224862
[  583.741109] [Pid: 1872], CPUburst: 282568
[  583.899331] [Pid: 1677], CPUburst: 40438
[  584.392412] [Pid: 1872], CPUburst: 85514
[  584.553859] [Pid: 1268], CPUburst: 2052285
[  584.567212] [Pid: 1677], CPUburst: 70922
[  584.687709] [Pid: 1741], CPUburst: 8868
[  584.894568] [Pid: 2164], CPUburst: 93997
[  585.037637] [Pid: 1872], CPUburst: 118586
[  585.176859] [Pid: 300], CPUburst: 9690
[  585.331445] [Pid: 2164], CPUburst: 42060
[  585.468112] [Pid: 1872], CPUburst: 44999
[  585.548312] [Pid: 1872], CPUburst: 51186
[  585.564408] [Pid: 1872], CPUburst: 31438
[  585.582757] [Pid: 1079], CPUburst: 88822
[  585.588756] [Pid: 249], CPUburst: 6862
[  586.210063] [Pid: 1872], CPUburst: 6085
[  586.233710] [Pid: 1677], CPUburst: 134882
[  586.497937] [Pid: 1677], CPUburst: 8848
[  586.879404] [Pid: 1268], CPUburst: 115900
[  586.972868] [Pid: 1872], CPUburst: 53789
[  587.496091] [Pid: 1872], CPUburst: 54877
[  587.896353] [Pid: 1302], CPUburst: 98714
[  588.261484] [Pid: 1872], CPUburst: 28897
[  588.448148] [Pid: 1442], CPUburst: 97664
[  588.497473] [Pid: 1872], CPUburst: 45512
[  588.537601] [Pid: 1872], CPUburst: 163285
[  588.599474] [Pid: 1872], CPUburst: 149493
[  588.606987] [Pid: 10], CPUburst: 32644
[  588.637654] [Pid: 1872], CPUburst: 40771
[  588.647647] [Pid: 1872], CPUburst: 37770
[  588.895788] [Pid: 1677], CPUburst: 255015
[  588.914668] [Pid: 1079], CPUburst: 520164
[  588.938247] [Pid: 1677], CPUburst: 14079
[  589.107041] [Pid: 1677], CPUburst: 62277
[  589.165969] [Pid: 251], CPUburst: 3896
[  589.428446] [Pid: 250], CPUburst: 4440
[  589.534881] [Pid: 1872], CPUburst: 65544
[  589.970283] [Pid: 1872], CPUburst: 52230
[  590.130412] [Pid: 1872], CPUburst: 15254
[  590.394285] [Pid: 1677], CPUburst: 20752
[  590.473199] [Pid: 1872], CPUburst: 54842
[  590.497996] [Pid: 1677], CPUburst: 42621
[  590.507110] [Pid: 1872], CPUburst: 47181
[  591.029125] [Pid: 1872], CPUburst: 28484
[  591.273790] [Pid: 1872], CPUburst: 44484
[  591.344388] [Pid: 1677], CPUburst: 84344
[  591.472636] [Pid: 1872], CPUburst: 25799
[  591.514629] [Pid: 1677], CPUburst: 39117
[  591.694509] [Pid: 1677], CPUburst: 9289
[  592.690339] [Pid: 1781], CPUburst: 11621
[  592.760512] [Pid: 1677], CPUburst: 29372
[  593.198004] [Pid: 1268], CPUburst: 9494
[  593.398469] [Pid: 7], CPUburst: 22452
[  593.459787] [Pid: 1872], CPUburst: 47332
[  593.907820] [Pid: 1872], CPUburst: 19891
[  594.106143] [Pid: 1872], CPUburst: 93193
[  594.273096] [Pid: 1677], CPUburst: 3416
[  594.504516] [Pid: 1872], CPUburst: 37057
[  594.579572] [Pid: 1677], CPUburst: 105718
[  594.672567] [Pid: 2164], CPUburst: 89919
[  594.867330] [Pid: 1872], CPUburst: 96438
[  595.192248] [Pid: 1302], CPUburst: 273074
[  595.273298] [Pid: 1872], CPUburst: 46776
[  595.305352] [Pid: 2164], CPUburst: 33076
[  595.493263] [Pid: 1872], CPUburst: 125293
[  595.573162] [Pid: 1872], CPUburst: 35735
[  596.009794] [Pid: 1872], CPUburst: 163498
[  596.303806] [Pid: 1872], CPUburst: 2405
[  596.903349] [Pid: 1677], CPUburst: 65108
[  596.905312] [Pid: 2164], CPUburst: 2386
[  597.137458] [Pid: 1872], CPUburst: 58253
[  597.146665] [Pid: 1872], CPUburst: 27392
[  597.224971] [Pid: 1872], CPUburst: 44697
[  597.304658] [Pid: 1872], CPUburst: 54114
[  597.471979] [Pid: 1872], CPUburst: 93564
[  597.798335] [Pid: 1677], CPUburst: 14501
[  598.690884] [Pid: 1872], CPUburst: 30043
[  598.771838] [Pid: 1872], CPUburst: 51392
[  599.107454] [Pid: 1872], CPUburst: 118296
[  599.412328] [Pid: 1268], CPUburst: 4852
[  599.503917] [Pid: 1677], CPUburst: 83709
[  599.617289] [Pid: 1872], CPUburst: 41496
[  599.705840] [Pid: 1872], CPUburst: 34803
[  600.290407] [Pid: 1872], CPUburst: 48203
[  600.330994] [Pid: 1677], CPUburst: 1154679
[  600.458080] [Pid: 1872], CPUburst: 154225
[  600.460758] [Pid: 1872], CPUburst: 254323
[  601.455140] [Pid: 1677], CPUburst: 32891
[  601.688729] [Pid: 1677], CPUburst: 42386
[  601.970279] [Pid: 1872], CPUburst: 34410
[  602.103740] [Pid: 1677], CPUburst: 69567
[  602.129123] [Pid: 1872], CPUburst: 19413
[  602.172812] [Pid: 2164], CPUburst: 73313
[  602.222764] [Pid: 1872], CPUburst: 133851
[  602.504370] [Pid: 1872], CPUburst: 46317
[  602.522259] [Pid: 1872], CPUburst: 50635
[  602.802047] [Pid: 1872], CPUburst: 1957708
[  602.982103] [Pid: 1872], CPUburst: 19666
[  602.985491] [Pid: 1872], CPUburst: 50690
[  602.987634] [Pid: 647], CPUburst: 52241
[  603.370240] [Pid: 1872], CPUburst: 4802
[  603.392338] [Pid: 1872], CPUburst: 12832
[  603.554110] [Pid: 1872], CPUburst: 21020
[  603.771220] [Pid: 1872], CPUburst: 55848
[  604.036379] [Pid: 1872], CPUburst: 58858
[  604.223430] [Pid: 1268], CPUburst: 4397
[  604.223838] [Pid: 1872], CPUburst: 125858
[  604.388076] [Pid: 1302], CPUburst: 170071
[  604.687174] [Pid: 1677], CPUburst: 111315
[  605.256785] [Pid: 2164], CPUburst: 46767
[  605.782479] [Pid: 1872], CPUburst: 16445
[  605.904083] [Pid: 1872], CPUburst: 5906
[  606.269853] [Pid: 1872], CPUburst: 93214
[  606.418137] [Pid: 1872], CPUburst: 2303
[  606.608208] [Pid: 1214], CPUburst: 50955
[  606.698266] [Pid: 1781], CPUburst: 94695
[  607.038971] [Pid: 1872], CPUburst: 27006
[  607.090863] [Pid: 1872], CPUburst: 117910
[  607.237619] [Pid: 1677], CPUburst: 47402
[  607.370426] [Pid: 1872], CPUburst: 17269
[  607.838240] [Pid: 1872], CPUburst: 97100
[  607.951664] [Pid: 1302], CPUburst: 51009
[  608.258677] [Pid: 2164], CPUburst: 446692
[  608.421725] [Pid: 1872], CPUburst: 41196
[  608.698117] [Pid: 1781], CPUburst: 201466
[  609.183278] [Pid: 1872], CPUburst: 19261
[  609.450276] [Pid: 1872], CPUburst: 51427
[  609.775042] [Pid: 1677], CPUburst: 88791
[  610.085362] [Pid: 1872], CPUburst: 24362
[  610.554264] [Pid: 1872], CPUburst: 1989
[  610.605906] [Pid: 1872], CPUburst: 52596
[  610.783506] [Pid: 1872], CPUburst: 55110
[  610.850022] [Pid: 1872], CPUburst: 25667
[  610.851089] [Pid: 2164], CPUburst: 100170
[  610.852158] [Pid: 1872], CPUburst: 3121
[  610.970113] [Pid: 1872], CPUburst: 44006
[  610.989746] [Pid: 1079], CPUburst: 42653
[  611.987553] [Pid: 1872], CPUburst: 94127
[  612.182907] [Pid: 1872], CPUburst: 54178
[  612.183214] [Pid: 376], CPUburst: 28741
[  612.272992] [Pid: 1872], CPUburst: 33902
[  612.370996] [Pid: 1677], CPUburst: 13219
[  612.414712] [Pid: 1872], CPUburst: 35084
[  612.680929] [Pid: 1872], CPUburst: 52612
[  612.916971] [Pid: 1677], CPUburst: 106535
[  613.138755] [Pid: 1872], CPUburst: 71938
[  613.313377] [Pid: 1677], CPUburst: 148797
[  614.203529] [Pid: 1872], CPUburst: 10930
[  614.279416] [Pid: 1872], CPUburst: 16209
[  614.340057] [Pid: 1872], CPUburst: 114690
[  614.936223] [Pid: 1677], CPUburst: 89461
[  614.962186] [Pid: 10], CPUburst: 74621
[  614.970288] [Pid: 1268], CPUburst: 351819
[  615.166716] [Pid: 1268], CPUburst: 8433
[  615.167290] [Pid: 2256], CPUburst: 110673
[  615.238297] [Pid: 2164], CPUburst: 35744
[  615.603821] [Pid: 1872], CPUburst: 5219
[  616.092925] [Pid: 1318], CPUburst: 442310
[  616.146368] [Pid: 1872], CPUburst: 73641
[  616.945860] [Pid: 1872], CPUburst: 34290
[  617.142762] [Pid: 1872], CPUburst: 6094
[  617.402047] [Pid: 1872], CPUburst: 70596
[  617.511924] [Pid: 1677], CPUburst: 68419
[  617.804256] [Pid: 1872], CPUburst: 59161
[  618.036388] [Pid: 1872], CPUburst: 36993
[  618.081392] [Pid: 1872], CPUburst: 62791
[  618.494845] [Pid: 1872], CPUburst: 1461541
[  619.079251] [Pid: 1872], CPUburst: 33917
[  619.208836] [Pid: 2164], CPUburst: 48557
[  619.329113] [Pid: 1872], CPUburst: 78048
[  619.419081] [Pid: 1872], CPUburst: 28656
[  619.871362] [Pid: 1872], CPUburst: 48181
[  620.045352] [Pid: 1872], CPUburst: 2948
[  620.097825] [Pid: 1677], CPUburst: 83929
[  620.106008] [Pid: 1872], CPUburst: 40047
[  620.336980] [Pid: 1872], CPUburst: 59655
[  620.721656] [Pid: 676], CPUburst: 69967
[  620.842989] [Pid: 1302], CPUburst: 53454
[  620.875597] [Pid: 1302], CPUburst: 47469
[  621.010036] [Pid: 1872], CPUburst: 645077
[  621.447118] [Pid: 1677], CPUburst: 55359
[  621.484645] [Pid: 1872], CPUburst: 93139
[  621.714823] [Pid: 1079], CPUburst: 56742
[  621.779605] [Pid: 1677], CPUburst: 31677
[  621.870215] [Pid: 1872], CPUburst: 92302
[  621.943293] [Pid: 1872], CPUburst: 113072
[  621.970653] [Pid: 1872], CPUburst: 35816
[  622.187883] [Pid: 1268], CPUburst: 47550
[  622.204733] [Pid: 1872], CPUburst: 65947
[  622.636672] [Pid: 1677], CPUburst: 59792
[  622.881427] [Pid: 1268], CPUburst: 54277
[  623.475528] [Pid: 2164], CPUburst: 466487
[  623.571036] [Pid: 1872], CPUburst: 33277
[  624.044287] [Pid: 1677], CPUburst: 78990
[  624.138627] [Pid: 1872], CPUburst: 7891
[  624.474123] [Pid: 1677], CPUburst: 237913
[  624.673204] [Pid: 1872], CPUburst: 133725
[  624.706811] [Pid: 1677], CPUburst: 94708
[  625.139836] [Pid: 1677], CPUburst: 7475
[  625.170873] [Pid: 2164], CPUburst: 54415
[  625.440296] [Pid: 1079], CPUburst: 66583
[  625.481109] [Pid: 1872], CPUburst: 38182
[  625.709034] [Pid: 1872], CPUburst: 10765
[  625.774424] [Pid: 1872], CPUburst: 9367
[  625.779249] [Pid: 1268], CPUburst: 3370
[  626.260089] [Pid: 1318], CPUburst: 23624
[  626.406025] [Pid: 1872], CPUburst: 3846
[  626.448864] [Pid: 1872], CPUburst: 10455
[  626.873537] [Pid: 1872], CPUburst: 152483
[  627.538094] [Pid: 1872], CPUburst: 29784
[  627.639739] [Pid: 1677], CPUburst: 46497
[  628.574199] [Pid: 1872], CPUburst: 9046
[  629.041839] [Pid: 2164], CPUburst: 98853
[  629.183021] [Pid: 1872], CPUburst: 45451
[  629.203655] [Pid: 1872], CPUburst: 62830
[  629.404082] [Pid: 1872], CPUburst: 74026
[  629.498850] [Pid: 1872], CPUburst: 71944
[  629.843691] [Pid: 1872], CPUburst: 443427
[  629.846009] [Pid: 1268], CPUburst: 8619
[  629.848138] [Pid: 1872], CPUburst: 93192
[  630.107835] [Pid: 1677], CPUburst: 10774
[  631.002152] [Pid: 1872], CPUburst: 55798
[  631.072157] [Pid: 1872], CPUburst: 44951
[  631.102733] [Pid: 1872], CPUburst: 75195
[  631.105191] [Pid: 1872], CPUburst: 8917
[  631.336865] [Pid: 1872], CPUburst: 39362
[  631.417306] [Pid: 1872], CPUburst: 2440
[  632.608722] [Pid: 1872], CPUburst: 48485
[  632.609826] [Pid: 1677], CPUburst: 55049
[  632.839101] [Pid: 1872], CPUburst: 63789
[  632.903010] [Pid: 1268], CPUburst: 364276
[  632.929727] [Pid: 1214], CPUburst: 33024
[  633.315049] [Pid: 1872], CPUburst: 24040
[  633.439238] [Pid: 1872], CPUburst: 110917
[  633.501878] [Pid: 1302], CPUburst: 149359
[  633.811209] [Pid: 1079], CPUburst: 122676
[  634.871623] [Pid: 1872], CPUburst: 147736
[  634.968469] [Pid: 1872], CPUburst: 74952
[  635.046387] [Pid: 2256], CPUburst: 100492
[  635.103012] [Pid: 2164], CPUburst: 63230
[  635.139438] [Pid: 1677], CPUburst: 45129
[  635.299736] [Pid: 1677], CPUburst: 14281
[  635.684923] [Pid: 1677], CPUburst: 13034
[  635.805456] [Pid: 1872], CPUburst: 68098
[  635.872001] [Pid: 1872], CPUburst: 58718
[  636.036979] [Pid: 1872], CPUburst: 18019
[  636.037561] [Pid: 1872], CPUburst: 45199
[  636.468174] [Pid: 1677], CPUburst: 95916
[  636.573414] [Pid: 1872], CPUburst: 47816
[  637.332012] [Pid: 1302], CPUburst: 357767
[  637.636661] [Pid: 1677], CPUburst: 67221
[  637.897276] [Pid: 1079], CPUburst: 66453
[  638.070127] [Pid: 2164], CPUburst: 56596
[  638.275166] [Pid: 1872], CPUburst: 63970
[  638.369367] [Pid: 1872], CPUburst: 34797
[  638.502869] [Pid: 1872], CPUburst: 46502
[  638.727927] [Pid: 1677], CPUburst: 19015
[  639.033108] [Pid: 2164], CPUburst: 2147
[  639.176050] [Pid: 1872], CPUburst: 91787
[  639.667105] [Pid: 1872], CPUburst: 65277
[  640.164783] [Pid: 1677], CPUburst: 138986
[  640.166540] [Pid: 1872], CPUburst: 53938
[  640.205408] [Pid: 1872], CPUburst: 16082
[  640.298081] [Pid: 1872], CPUburst: 51760
[  640.337771] [Pid: 1872], CPUburst: 92881
[  640.508249] [Pid: 1872], CPUburst: 81301
[  641.310943] [Pid: 1872], CPUburst: 32713
[  642.298176] [Pid: 1872], CPUburst: 68126
